// Jest Snapshot v1, https://goo.gl/fbAQLP

exports[`add-connection 1`] = `
<div
  className=" text-left"
>
  <h5>
     Create New Connection 
    <img
      className="hiddenspinner"
      src="/logo.png"
      style={
        Object {
          "width": "28px",
        }
      }
    />
  </h5>
  <div
    className=" text-left"
  >
    <form
      className=""
      noValidate={true}
      onSubmit={[Function]}
    >
      <div
        className="row"
      >
        <div
          className="col-auto"
        >
          <div
            className="mb-3 form-group"
          >
            <label
              className="form-label"
              htmlFor="dbtype"
            >
              Database type
            </label>
            <select
              className="form-control form-control-sm"
              id="dbtype"
              onChange={[Function]}
              required={true}
              value=""
            >
              <option
                value=""
              >
                ...
              </option>
              <option
                value="PostgreSQL"
              >
                PostgreSQL
              </option>
              <option
                value="MySQL"
              >
                MySQL
              </option>
              <option
                value="MariaDB"
              >
                MariaDB
              </option>
              <option
                value="SqlServer"
              >
                SQL Server
              </option>
              <option
                value="OracleDB"
              >
                Oracle DB
              </option>
            </select>
            <div
              className="valid-feedback"
            >
              Looks good!
            </div>
            <div
              className="invalid-feedback"
            >
              Select DB type
            </div>
          </div>
        </div>
        <div
          className="col-auto"
        >
          <div
            className="mb-3 form-group"
          >
            <label
              className="form-label"
              htmlFor="dname"
            >
              <div
                className=""
              >
                <div
                  className=" text-wrap"
                  onClick={[Function]}
                  onMouseOut={[Function]}
                  onMouseOver={[Function]}
                >
                  Dymium
                   
                  <span
                    className="text-nowrap"
                  >
                    name
                    <i
                      className="ml-1 blue fas fa-question-circle text-newinfo"
                    />
                    :
                  </span>
                </div>
              </div>
            </label>
            <input
              className="form-control form-control-sm"
              id="dname"
              onChange={[Function]}
              pattern="[a-z0-9_]+"
              placeholder="alpha_num, small caps"
              required={true}
              type="text"
              value=""
            />
            <div
              className="valid-feedback"
            >
              Looks good!
            </div>
            <div
              className="invalid-feedback"
            >
              Type systemwide unique name to use in SQL
            </div>
          </div>
        </div>
        <div
          className="col-auto"
        >
          <div
            className="mb-3 form-group"
          >
            <label
              className="form-label"
              htmlFor="dbname"
            >
              <div
                className=""
              >
                <div
                  className=" text-wrap"
                  onClick={[Function]}
                  onMouseOut={[Function]}
                  onMouseOver={[Function]}
                >
                  Database
                   
                  <span
                    className="text-nowrap"
                  >
                    name
                    <i
                      className="ml-1 blue fas fa-question-circle text-newinfo"
                    />
                    :
                  </span>
                </div>
              </div>
            </label>
            <input
              className="form-control form-control-sm"
              id="dbname"
              onChange={[Function]}
              pattern="[a-zA-Z0-9_]+"
              placeholder="Alpha_Num"
              required={true}
              type="text"
              value=""
            />
            <div
              className="valid-feedback"
            >
              Looks good!
            </div>
            <div
              className="invalid-feedback"
            >
              Type systemwide unique name to use in SQL
            </div>
          </div>
        </div>
      </div>
      <div
        className="row"
      >
        <div
          className="col-auto"
        >
          <div
            className="mb-3 form-group"
          >
            <label
              className="form-label"
              htmlFor="ipaddress"
            >
              Address
            </label>
            <input
              className="form-control form-control-sm"
              id="ipaddress"
              onChange={[Function]}
              pattern="^[a-zA-Z0-9._]+$"
              placeholder="DB IP address or host name"
              required={true}
              type="text"
              value=""
            />
            <div
              className="valid-feedback"
            >
              Looks good!
            </div>
            <div
              className="invalid-feedback"
            >
              Ender DB address for Dymium
            </div>
          </div>
        </div>
        <div
          className="col-auto"
        >
          <div
            className="mb-3 form-group"
          >
            <label
              className="form-label"
              htmlFor="portnumber"
            >
              Port
            </label>
            <input
              className="form-control form-control-sm"
              id="portnumber"
              onChange={[Function]}
              pattern=".+"
              placeholder="DB port number"
              required={true}
              type="number"
              value=""
            />
            <div
              className="valid-feedback"
            >
              Looks good!
            </div>
            <div
              className="invalid-feedback"
            >
              Select DB port for Dymium
            </div>
          </div>
        </div>
        <div
          className="col-auto"
          style={
            Object {
              "alignItems": "bottom",
              "display": "flex",
            }
          }
        >
          <div
            className="mb-3 form-group"
          >
            <label
              className="form-label"
              htmlFor="usetls"
            >
              Â 
            </label>
            <div
              className="form-check"
              style={
                Object {
                  "marginTop": "0.2em",
                }
              }
            >
              <input
                checked={false}
                className="form-check-input"
                disabled={false}
                id="usetls"
                onChange={[Function]}
                type="checkbox"
              />
              <label
                className="form-check-label"
                htmlFor="usetls"
                title=""
              >
                Use TLS
              </label>
            </div>
          </div>
        </div>
      </div>
      <div
        className="row"
      >
        <div
          className="col-auto"
        >
          <div
            className="mb-3 form-group"
          >
            <label
              className="form-label"
              htmlFor="dbusername"
            >
              Username
            </label>
            <input
              className="form-control form-control-sm"
              id="dbusername"
              onChange={[Function]}
              pattern=".+"
              placeholder="DB username"
              required={true}
              type="text"
              value=""
            />
            <div
              className="valid-feedback"
            >
              Looks good!
            </div>
            <div
              className="invalid-feedback"
            >
              Admin name for DB
            </div>
          </div>
        </div>
        <div
          className="col-auto"
        >
          <div
            className="mb-3 form-group"
          >
            <label
              className="form-label"
              htmlFor="dbpassword"
            >
              Password
            </label>
            <div
              className="w-12em input-group"
            >
              <input
                className="no-background form-control form-control-sm"
                id="dbpassword"
                onChange={[Function]}
                pattern=".+"
                placeholder="DB password"
                required={true}
                style={
                  Object {
                    "display": "inline",
                    "width": "100%",
                  }
                }
                type="password"
                value=""
              />
              <i
                className="blue fa fa-eye  fa-fw"
                onClick={[Function]}
                style={
                  Object {
                    "marginLeft": "-25px",
                    "marginTop": "6px",
                    "zIndex": "1000",
                  }
                }
              />
              <div
                className="valid-feedback"
              >
                Looks good!
              </div>
              <div
                className="invalid-feedback"
                style={
                  Object {
                    "width": "12em",
                  }
                }
              >
                Admin password
              </div>
            </div>
          </div>
        </div>
      </div>
      <div
        className="row"
      >
        <div
          className="col"
        >
          <div
            className="mb-3 form-group"
          >
            <label
              className="form-label"
              htmlFor="description"
            >
              Description
            </label>
            <textarea
              className="form-control"
              id="description"
              onChange={[Function]}
              placeholder="Please put in the description of this connection"
              required={true}
              rows={3}
              style={
                Object {
                  "width": "100%",
                }
              }
              value=""
            />
            <div
              className="valid-feedback"
            >
              Looks good!
            </div>
            <div
              className="invalid-feedback"
            >
              Please put in some description
            </div>
          </div>
        </div>
      </div>
      <button
        className="mt-4 btn btn-dymium btn-sm"
        disabled={false}
        type="submit"
      >
        Apply
      </button>
    </form>
  </div>
</div>
`;
