// Jest Snapshot v1, https://goo.gl/fbAQLP

exports[`assign-groups 1`] = `
<div
  className=" text-left"
>
  <h5>
     Associate groups with Ghost Databases 
    <i
      className="trash fa-solid fa-circle-info mr-1"
      onClick={[Function]}
    />
    <img
      className="spinner"
      src="/logo.png"
      style={
        {
          "width": "28px",
        }
      }
    />
  </h5>
  <div
    className="bs-offcanvas position-fixed  h-100 bs-offcanvas-anim  cthrough"
    style={
      {
        "right": -300,
        "width": 0,
      }
    }
  >
    <div>
      <div
        className="row"
      >
        <div
          className="col"
        >
           
          <h5>
             
          </h5>
        </div>
        <div
          className="col-auto"
        >
          <i
            aria-hidden="true"
            className="cursor-pointer fa fa-times mr-1 fa-2x close"
            onClick={[Function]}
          />
        </div>
      </div>
    </div>
    <div
      className="row"
    >
      <div
        className="offcanvas_handle p-0 m-0 px-2 col-auto"
        onMouseDown={[Function]}
      />
      <div
        className="pl-0 col"
        style={
          {
            "paddingRight": "10px",
          }
        }
      >
        <h5>
          Associate Groups
        </h5>
        <div
          className="mb-3"
        >
          This page allows to associate Dymium groups with the Ghost Databases. Until this association is established, the Ghost Database remains unaccessible.
        </div>
        <div
          className="mb-3"
        >
          Select a Ghost Database from the list.
        </div>
        <div
          className="mb-3"
        >
          Select one or more groups from the dropout. Hit Apply. The association is done!
        </div>
        <div />
      </div>
    </div>
  </div>
  <div
    className="react-bootstrap-table"
  >
    <table
      className="table table-striped table-sm"
      id="scaledtable"
    >
      <thead>
        <tr>
          <th
            aria-label="Ghost Database: sortable"
            className="sortable"
            onClick={[Function]}
            onKeyUp={[Function]}
            style={
              {
                "width": "20em",
              }
            }
            tabIndex={0}
          >
            Ghost Database:
            <span
              className="order-4"
            />
          </th>
          <th
            aria-label="Groups: sortable"
            className="sortable"
            onClick={[Function]}
            onKeyUp={[Function]}
            tabIndex={0}
          >
            Groups:
            <span
              className="order-4"
            />
          </th>
          <th
            style={
              {
                "width": "50px",
              }
            }
            tabIndex={0}
          >
            Edit
          </th>
        </tr>
      </thead>
      <tbody>
        <tr
          className={null}
          style={{}}
        >
          <td>
            test1
          </td>
          <td>
            <div>
              foo
            </div>
          </td>
          <td
            style={
              {
                "height": "30px",
                "textAlign": "center",
              }
            }
          >
            <i
              className="fas fa-edit ablue"
              onClick={[Function]}
              role="button"
            />
          </td>
        </tr>
        <tr
          className={null}
          style={{}}
        >
          <td>
            test2
          </td>
          <td>
            <div
              className="darkred cursor-pointer"
              onClick={[Function]}
            >
              Please edit to assign groups and enable user access
            </div>
          </td>
          <td
            style={
              {
                "height": "30px",
                "textAlign": "center",
              }
            }
          >
            <i
              className="fas fa-edit ablue"
              onClick={[Function]}
              role="button"
            />
          </td>
        </tr>
      </tbody>
    </table>
  </div>
  <div
    className="row react-bootstrap-table-pagination"
  >
    <div
      className="col-md-6 col-xs-6 col-sm-6 col-lg-6"
    >
      <span
        className="react-bs-table-sizePerPage-dropdown dropdown"
        style={
          {
            "visibility": "visible",
          }
        }
      >
        <button
          aria-expanded={false}
          className="btn btn-default btn-secondary dropdown-toggle"
          data-toggle="dropdown"
          id="scaledtable-pageDropDown"
          onBlur={[Function]}
          onClick={[Function]}
          type="button"
        >
          10
           
        </button>
        <ul
          aria-labelledby="scaledtable-pageDropDown"
          className="dropdown-menu "
          role="menu"
        >
          <a
            className="dropdown-item"
            data-page={10}
            href="#"
            onMouseDown={[Function]}
            role="menuitem"
            tabIndex="-1"
          >
            10
          </a>
          <a
            className="dropdown-item"
            data-page={25}
            href="#"
            onMouseDown={[Function]}
            role="menuitem"
            tabIndex="-1"
          >
            25
          </a>
          <a
            className="dropdown-item"
            data-page={30}
            href="#"
            onMouseDown={[Function]}
            role="menuitem"
            tabIndex="-1"
          >
            30
          </a>
          <a
            className="dropdown-item"
            data-page={50}
            href="#"
            onMouseDown={[Function]}
            role="menuitem"
            tabIndex="-1"
          >
            50
          </a>
        </ul>
      </span>
    </div>
    <div
      className="react-bootstrap-table-pagination-list col-md-6 col-xs-6 col-sm-6 col-lg-6"
    >
      <ul
        className="pagination react-bootstrap-table-page-btns-ul"
      >
        <li
          className="active page-item"
          title="1"
        >
          <a
            className="page-link"
            href="#"
            onClick={[Function]}
          >
            1
          </a>
        </li>
      </ul>
    </div>
  </div>
</div>
`;
