// Jest Snapshot v1, https://goo.gl/fbAQLP

exports[`test-connections 1`] = `
<div
  className=" text-left"
>
  <div
    className="bs-offcanvas position-fixed  h-100 bs-offcanvas-anim  cthrough"
    style={
      {
        "right": -300,
        "width": 0,
      }
    }
  >
    <div>
      <div
        className="row"
      >
        <div
          className="col"
        >
           
          <h5>
             
          </h5>
        </div>
        <div
          className="col-auto"
        >
          <i
            aria-hidden="true"
            className="cursor-pointer fa fa-times mr-1 fa-2x close"
            onClick={[Function]}
          />
        </div>
      </div>
    </div>
    <div
      className="row"
    >
      <div
        className="offcanvas_handle p-0 m-0 px-2 col-auto"
        onMouseDown={[Function]}
      />
      <div
        className="pl-0 col"
        style={
          {
            "paddingRight": "10px",
          }
        }
      >
        <h5>
          Editing Data Sources
        </h5>
        <div
          className="mb-3"
        >
          This page allows to edit and delete previously configured data sources.
        </div>
        <div
          className="mb-3"
        >
          If a data source is used in a Ghost Database, it should first be unlinked from it before deletion.
        </div>
        <div
          className="mb-3"
        >
          If parameters of a Data Source are edited, the connection will be checked on pressing Apply.
        </div>
        <div />
      </div>
    </div>
  </div>
  <div
    className="text-center"
    id="tablecontainer"
    style={
      {
        "width": "90%",
      }
    }
  >
    <div
      className="text-left"
    >
      <div
        className="d-flex"
      >
        <h5>
          Edit Data Sources 
          <i
            className="trash fa-solid fa-circle-info mr-1"
            onClick={[Function]}
          />
          <img
            className="hiddenspinner"
            src="/logo.png"
            style={
              {
                "width": "28px",
              }
            }
          />
        </h5>
        <div
          style={
            {
              "marginLeft": "auto",
            }
          }
        >
          <label
            className="search-label"
            htmlFor="search-bar-0"
          >
            <span
              className="sr-only"
              id="search-bar-0-label"
            >
              Search this table
            </span>
            <input
              aria-labelledby="search-bar-0-label"
              className="form-control "
              id="search-bar-0"
              onChange={[Function]}
              onKeyUp={[Function]}
              placeholder="Search"
              style={{}}
              type="text"
              value=""
            />
          </label>
          <button
            className="btn btn-default "
            onClick={[Function]}
          >
            Clear
          </button>
          <i
            aria-hidden="true"
            className="fa fa-refresh ablue cursor-pointer"
            onClick={[Function]}
            style={
              {
                "position": "relative",
                "top": "2px",
              }
            }
          />
        </div>
      </div>
      <div
        className="d-block"
      >
        <div
          className="react-bootstrap-table"
        >
          <table
            className="table table-striped table-sm"
            id="scaledtable"
          >
            <thead>
              <tr>
                <th
                  aria-label="Name: sortable"
                  className="sortable"
                  onClick={[Function]}
                  onKeyUp={[Function]}
                  tabIndex={0}
                >
                  Name:
                  <span
                    className="order-4"
                  />
                </th>
                <th
                  aria-label="DB Type: sortable"
                  className="sortable"
                  onClick={[Function]}
                  onKeyUp={[Function]}
                  tabIndex={0}
                >
                  DB Type:
                  <span
                    className="order-4"
                  />
                </th>
                <th
                  aria-label="Target: sortable"
                  className="sortable"
                  onClick={[Function]}
                  onKeyUp={[Function]}
                  tabIndex={0}
                >
                  Target:
                  <span
                    className="order-4"
                  />
                </th>
                <th
                  aria-label="Database: sortable"
                  className="sortable"
                  onClick={[Function]}
                  onKeyUp={[Function]}
                  tabIndex={0}
                >
                  Database:
                  <span
                    className="order-4"
                  />
                </th>
                <th
                  aria-label="Description: sortable"
                  className="sortable"
                  onClick={[Function]}
                  onKeyUp={[Function]}
                  tabIndex={0}
                >
                  Description:
                  <span
                    className="order-4"
                  />
                </th>
                <th
                  aria-label="Use TLS sortable"
                  className="sortable"
                  onClick={[Function]}
                  onKeyUp={[Function]}
                  style={
                    {
                      "width": "130px",
                    }
                  }
                  tabIndex={0}
                >
                  Use TLS
                  <span
                    className="order-4"
                  />
                </th>
                <th
                  style={
                    {
                      "width": "50px",
                    }
                  }
                  tabIndex={0}
                >
                  Edit
                </th>
                <th
                  style={
                    {
                      "width": "50px",
                    }
                  }
                  tabIndex={0}
                >
                  Clone
                </th>
                <th
                  style={
                    {
                      "width": "90px",
                    }
                  }
                  tabIndex={0}
                >
                  Delete
                </th>
              </tr>
            </thead>
            <tbody>
              <tr
                className={null}
                style={{}}
              >
                <td>
                  adventureworks
                </td>
                <td>
                  PostgreSQL Database
                </td>
                <td>
                  <div
                    className="d-flex"
                  >
                    <i
                      className=" mr-2 fa fa-cloud-arrow-up blue"
                      style={
                        {
                          "position": "relative",
                          "top": "0.3em",
                        }
                      }
                    />
                    docker.for.mac.host.internal
                    :
                    5432
                  </div>
                </td>
                <td>
                  Adventureworks
                </td>
                <td>
                  test data base from Microsoft
                </td>
                <td
                  style={
                    {
                      "textAlign": "center",
                    }
                  }
                />
                <td
                  style={
                    {
                      "height": "30px",
                      "textAlign": "center",
                    }
                  }
                >
                  <i
                    aria-label="edit0"
                    className="fas fa-edit ablue"
                    id="edit0"
                    onClick={[Function]}
                    role="button"
                  />
                </td>
                <td
                  style={
                    {
                      "height": "30px",
                      "textAlign": "center",
                    }
                  }
                >
                  <i
                    aria-label="duplicate0"
                    className="fas fa-clone ablue"
                    id="duplicate0"
                    onClick={[Function]}
                    role="button"
                  />
                </td>
                <td
                  style={
                    {
                      "height": "30px",
                      "textAlign": "center",
                    }
                  }
                >
                  <i
                    aria-label="delete0"
                    className="fas fa-trash ablue"
                    id="delete0"
                    onClick={[Function]}
                    role="button"
                  />
                </td>
              </tr>
              <tr
                className={null}
                style={{}}
              >
                <td>
                  northwind
                </td>
                <td>
                  PostgreSQL Database
                </td>
                <td>
                  <div
                    className="d-flex"
                  >
                    <i
                      className=" mr-2 fa fa-cloud-arrow-up blue"
                      style={
                        {
                          "position": "relative",
                          "top": "0.3em",
                        }
                      }
                    />
                    docker.for.mac.host.internal
                    :
                    5432
                  </div>
                </td>
                <td>
                  northwind
                </td>
                <td>
                  another MS database
                </td>
                <td
                  style={
                    {
                      "textAlign": "center",
                    }
                  }
                />
                <td
                  style={
                    {
                      "height": "30px",
                      "textAlign": "center",
                    }
                  }
                >
                  <i
                    aria-label="edit1"
                    className="fas fa-edit ablue"
                    id="edit1"
                    onClick={[Function]}
                    role="button"
                  />
                </td>
                <td
                  style={
                    {
                      "height": "30px",
                      "textAlign": "center",
                    }
                  }
                >
                  <i
                    aria-label="duplicate1"
                    className="fas fa-clone ablue"
                    id="duplicate1"
                    onClick={[Function]}
                    role="button"
                  />
                </td>
                <td
                  style={
                    {
                      "height": "30px",
                      "textAlign": "center",
                    }
                  }
                >
                  <i
                    aria-label="delete1"
                    className="fas fa-trash ablue"
                    id="delete1"
                    onClick={[Function]}
                    role="button"
                  />
                </td>
              </tr>
              <tr
                className={null}
                style={{}}
              >
                <td>
                  aircrafts
                </td>
                <td>
                  PostgreSQL Database
                </td>
                <td>
                  <div
                    className="d-flex"
                  >
                    <i
                      className=" mr-2 fa fa-cloud-arrow-up blue"
                      style={
                        {
                          "position": "relative",
                          "top": "0.3em",
                        }
                      }
                    />
                    docker.for.mac.host.internal
                    :
                    5432
                  </div>
                </td>
                <td>
                  aircrafts
                </td>
                <td>
                  images
                </td>
                <td
                  style={
                    {
                      "textAlign": "center",
                    }
                  }
                />
                <td
                  style={
                    {
                      "height": "30px",
                      "textAlign": "center",
                    }
                  }
                >
                  <i
                    aria-label="edit2"
                    className="fas fa-edit ablue"
                    id="edit2"
                    onClick={[Function]}
                    role="button"
                  />
                </td>
                <td
                  style={
                    {
                      "height": "30px",
                      "textAlign": "center",
                    }
                  }
                >
                  <i
                    aria-label="duplicate2"
                    className="fas fa-clone ablue"
                    id="duplicate2"
                    onClick={[Function]}
                    role="button"
                  />
                </td>
                <td
                  style={
                    {
                      "height": "30px",
                      "textAlign": "center",
                    }
                  }
                >
                  <i
                    aria-label="delete2"
                    className="fas fa-trash ablue"
                    id="delete2"
                    onClick={[Function]}
                    role="button"
                  />
                </td>
              </tr>
              <tr
                className={null}
                style={{}}
              >
                <td>
                  xxx
                </td>
                <td>
                  PostgreSQL Database
                </td>
                <td>
                  <div
                    className="d-flex "
                  >
                    <i
                      className="mr-2 fas fa-diagram-project fa-fw blue"
                      style={
                        {
                          "position": "relative",
                          "top": "0.3em",
                        }
                      }
                    />
                    Test
                    /
                    test
                  </div>
                </td>
                <td>
                  adventureworks
                </td>
                <td>
                  ccc
                </td>
                <td
                  style={
                    {
                      "textAlign": "center",
                    }
                  }
                />
                <td
                  style={
                    {
                      "height": "30px",
                      "textAlign": "center",
                    }
                  }
                >
                  <i
                    aria-label="edit3"
                    className="fas fa-edit ablue"
                    id="edit3"
                    onClick={[Function]}
                    role="button"
                  />
                </td>
                <td
                  style={
                    {
                      "height": "30px",
                      "textAlign": "center",
                    }
                  }
                >
                  <i
                    aria-label="duplicate3"
                    className="fas fa-clone ablue"
                    id="duplicate3"
                    onClick={[Function]}
                    role="button"
                  />
                </td>
                <td
                  style={
                    {
                      "height": "30px",
                      "textAlign": "center",
                    }
                  }
                >
                  <i
                    aria-label="delete3"
                    className="fas fa-trash ablue"
                    id="delete3"
                    onClick={[Function]}
                    role="button"
                  />
                </td>
              </tr>
              <tr
                className={null}
                style={{}}
              >
                <td>
                  aworks
                </td>
                <td>
                  PostgreSQL Database
                </td>
                <td>
                  <div
                    className="d-flex"
                  >
                    <i
                      className=" mr-2 fa fa-cloud-arrow-up blue"
                      style={
                        {
                          "position": "relative",
                          "top": "0.3em",
                        }
                      }
                    />
                    docker.for.mac.host.internal
                    :
                    5432
                  </div>
                </td>
                <td>
                  Adventureworks
                </td>
                <td>
                  MS test database, yes yes
                </td>
                <td
                  style={
                    {
                      "textAlign": "center",
                    }
                  }
                />
                <td
                  style={
                    {
                      "height": "30px",
                      "textAlign": "center",
                    }
                  }
                >
                  <i
                    aria-label="edit4"
                    className="fas fa-edit ablue"
                    id="edit4"
                    onClick={[Function]}
                    role="button"
                  />
                </td>
                <td
                  style={
                    {
                      "height": "30px",
                      "textAlign": "center",
                    }
                  }
                >
                  <i
                    aria-label="duplicate4"
                    className="fas fa-clone ablue"
                    id="duplicate4"
                    onClick={[Function]}
                    role="button"
                  />
                </td>
                <td
                  style={
                    {
                      "height": "30px",
                      "textAlign": "center",
                    }
                  }
                >
                  <i
                    aria-label="delete4"
                    className="fas fa-trash ablue"
                    id="delete4"
                    onClick={[Function]}
                    role="button"
                  />
                </td>
              </tr>
              <tr
                className={null}
                style={{}}
              >
                <td>
                  111
                </td>
                <td>
                  PostgreSQL Database
                </td>
                <td>
                  <div
                    className="d-flex"
                  >
                    <i
                      className=" mr-2 fa fa-cloud-arrow-up blue"
                      style={
                        {
                          "position": "relative",
                          "top": "0.3em",
                        }
                      }
                    />
                    docker.for.mac.host.internal
                    :
                    5432
                  </div>
                </td>
                <td>
                  Adventureworks
                </td>
                <td>
                  xxx
                </td>
                <td
                  style={
                    {
                      "textAlign": "center",
                    }
                  }
                />
                <td
                  style={
                    {
                      "height": "30px",
                      "textAlign": "center",
                    }
                  }
                >
                  <i
                    aria-label="edit5"
                    className="fas fa-edit ablue"
                    id="edit5"
                    onClick={[Function]}
                    role="button"
                  />
                </td>
                <td
                  style={
                    {
                      "height": "30px",
                      "textAlign": "center",
                    }
                  }
                >
                  <i
                    aria-label="duplicate5"
                    className="fas fa-clone ablue"
                    id="duplicate5"
                    onClick={[Function]}
                    role="button"
                  />
                </td>
                <td
                  style={
                    {
                      "height": "30px",
                      "textAlign": "center",
                    }
                  }
                >
                  <i
                    aria-label="delete5"
                    className="fas fa-trash ablue"
                    id="delete5"
                    onClick={[Function]}
                    role="button"
                  />
                </td>
              </tr>
              <tr
                className={null}
                style={{}}
              >
                <td>
                  sqlserver
                </td>
                <td>
                  Microsoft SQL Server
                </td>
                <td>
                  <div
                    className="d-flex"
                  >
                    <i
                      className=" mr-2 fa fa-cloud-arrow-up blue"
                      style={
                        {
                          "position": "relative",
                          "top": "0.3em",
                        }
                      }
                    />
                    host.docker.internal
                    :
                    1433
                  </div>
                </td>
                <td>
                  WideWorldImporters
                </td>
                <td>
                  test sql server
                </td>
                <td
                  style={
                    {
                      "textAlign": "center",
                    }
                  }
                />
                <td
                  style={
                    {
                      "height": "30px",
                      "textAlign": "center",
                    }
                  }
                >
                  <i
                    aria-label="edit6"
                    className="fas fa-edit ablue"
                    id="edit6"
                    onClick={[Function]}
                    role="button"
                  />
                </td>
                <td
                  style={
                    {
                      "height": "30px",
                      "textAlign": "center",
                    }
                  }
                >
                  <i
                    aria-label="duplicate6"
                    className="fas fa-clone ablue"
                    id="duplicate6"
                    onClick={[Function]}
                    role="button"
                  />
                </td>
                <td
                  style={
                    {
                      "height": "30px",
                      "textAlign": "center",
                    }
                  }
                >
                  <i
                    aria-label="delete6"
                    className="fas fa-trash ablue"
                    id="delete6"
                    onClick={[Function]}
                    role="button"
                  />
                </td>
              </tr>
            </tbody>
          </table>
        </div>
        <div
          className="row react-bootstrap-table-pagination"
        >
          <div
            className="col-md-6 col-xs-6 col-sm-6 col-lg-6"
          >
            <span
              className="react-bs-table-sizePerPage-dropdown dropdown"
              style={
                {
                  "visibility": "visible",
                }
              }
            >
              <button
                aria-expanded={false}
                className="btn btn-default btn-secondary dropdown-toggle"
                data-toggle="dropdown"
                id="scaledtable-pageDropDown"
                onBlur={[Function]}
                onClick={[Function]}
                type="button"
              >
                10
                 
              </button>
              <ul
                aria-labelledby="scaledtable-pageDropDown"
                className="dropdown-menu "
                role="menu"
              >
                <a
                  className="dropdown-item"
                  data-page={10}
                  href="#"
                  onMouseDown={[Function]}
                  role="menuitem"
                  tabIndex="-1"
                >
                  10
                </a>
                <a
                  className="dropdown-item"
                  data-page={25}
                  href="#"
                  onMouseDown={[Function]}
                  role="menuitem"
                  tabIndex="-1"
                >
                  25
                </a>
                <a
                  className="dropdown-item"
                  data-page={30}
                  href="#"
                  onMouseDown={[Function]}
                  role="menuitem"
                  tabIndex="-1"
                >
                  30
                </a>
                <a
                  className="dropdown-item"
                  data-page={50}
                  href="#"
                  onMouseDown={[Function]}
                  role="menuitem"
                  tabIndex="-1"
                >
                  50
                </a>
              </ul>
            </span>
          </div>
          <div
            className="react-bootstrap-table-pagination-list col-md-6 col-xs-6 col-sm-6 col-lg-6"
          >
            <ul
              className="pagination react-bootstrap-table-page-btns-ul"
            >
              <li
                className="active page-item"
                title="1"
              >
                <a
                  className="page-link"
                  href="#"
                  onClick={[Function]}
                >
                  1
                </a>
              </li>
            </ul>
          </div>
        </div>
      </div>
    </div>
  </div>
</div>
`;
