// Jest Snapshot v1, https://goo.gl/fbAQLP

exports[`delete-connections-form 1`] = `
<div
  class="modal-dialog modal-lg modal-dialog-centered"
  data-testid="modal-delete"
>
  <div
    class="modal-content"
  >
    <div
      class="modal-header"
    >
      <div
        class="modal-title h4"
      >
        Delete connection 
        adventureworks
        ?
      </div>
      <button
        aria-label="Close"
        class="btn-close"
        type="button"
      />
    </div>
    <div
      class="modal-body"
    >
      Are you sure you want to remove the connection? This operation is irreversible.
    </div>
    <div
      class="modal-footer"
    >
      <button
        aria-label="Delete"
        class="btn btn-danger"
        data-testid="Delete"
        id="Delete"
        role="button"
        type="button"
      >
        Delete
      </button>
       
      <button
        class="btn btn-dymium"
        type="button"
      >
        Cancel
      </button>
    </div>
  </div>
</div>
`;
