// Jest Snapshot v1, https://goo.gl/fbAQLP

exports[`add-datascope 1`] = `
<div
  className=" text-left"
>
  <div
    className="bs-canvas-overlay position-fixed  w-100 h-100"
    id="bs-offcanvas-overlay"
  />
  <div
    className="bs-offcanvas position-fixed  h-100 bs-offcanvas-anim "
    style={
      {
        "right": -600,
        "width": 0,
      }
    }
  >
    <div>
      <div
        className="row"
      >
        <div
          className="col"
        >
           
          <h5>
            Link table
             
          </h5>
        </div>
        <div
          className="col-auto"
        >
          <i
            aria-hidden="true"
            className="cursor-pointer fa fa-times mr-1 fa-2x close"
            onClick={[Function]}
          />
        </div>
      </div>
    </div>
    <div
      className="row"
    >
      <div
        className="offcanvas_handle p-0 m-0 px-2 col-auto"
        onMouseDown={[Function]}
      />
      <div
        className="pl-0 col"
        style={
          {
            "paddingRight": "10px",
          }
        }
      />
    </div>
  </div>
  <div
    className="bs-offcanvas position-fixed  h-100 bs-offcanvas-anim  cthrough"
    style={
      {
        "right": -300,
        "width": 0,
      }
    }
  >
    <div>
      <div
        className="row"
      >
        <div
          className="col"
        >
           
          <h5>
             
          </h5>
        </div>
        <div
          className="col-auto"
        >
          <i
            aria-hidden="true"
            className="cursor-pointer fa fa-times mr-1 fa-2x close"
            onClick={[Function]}
          />
        </div>
      </div>
    </div>
    <div
      className="row"
    >
      <div
        className="offcanvas_handle p-0 m-0 px-2 col-auto"
        onMouseDown={[Function]}
      />
      <div
        className="pl-0 col"
        style={
          {
            "paddingRight": "10px",
          }
        }
      >
        <h5>
          Editing Ghost Database
        </h5>
        <div
          className="mb-3"
        >
          This page allows to edit or remove a Ghost Database.
        </div>
        <div
          className="mb-3"
        >
          The same interface as for adding a Ghost Database is used. You select Data Sources and tables that you want to expose
        </div>
      </div>
    </div>
  </div>
  <div
    className=" text-left"
  >
    <div
      className="row"
    >
      <div
        className="col"
      >
        <div
          className="text-left"
        >
          <div
            className="d-flex"
          >
            <h5>
              Edit Ghost Databases  
              <i
                className="trash fa-solid fa-circle-info mr-1"
                onClick={[Function]}
              />
              <img
                className="spinner"
                src="/logo.png"
                style={
                  {
                    "width": "28px",
                  }
                }
              />
            </h5>
            <div
              style={
                {
                  "marginLeft": "auto",
                }
              }
            >
              <label
                className="search-label"
                htmlFor="search-bar-0"
              >
                <span
                  className="sr-only"
                  id="search-bar-0-label"
                >
                  Search this table
                </span>
                <input
                  aria-labelledby="search-bar-0-label"
                  className="form-control "
                  id="search-bar-0"
                  onChange={[Function]}
                  onKeyUp={[Function]}
                  placeholder="Search"
                  style={{}}
                  type="text"
                  value=""
                />
              </label>
              <button
                className="btn btn-default "
                onClick={[Function]}
              >
                Clear
              </button>
              <i
                aria-hidden="true"
                className="fa fa-refresh ablue cursor-pointer"
                onClick={[Function]}
                style={
                  {
                    "position": "relative",
                    "top": "2px",
                  }
                }
              />
            </div>
          </div>
          <div
            className="d-block"
          >
            <div
              className="react-bootstrap-table"
            >
              <table
                className="table table-striped table-sm"
                id="datascopetable"
              >
                <thead>
                  <tr>
                    <th
                      className="selection-cell-header"
                      data-row-selection={true}
                    />
                    <th
                      aria-label="Name: sortable"
                      className="sortable"
                      onClick={[Function]}
                      onKeyUp={[Function]}
                      tabIndex={0}
                    >
                      Name:
                      <span
                        className="order-4"
                      />
                    </th>
                    <th
                      aria-label="Created: sortable"
                      className="sortable"
                      onClick={[Function]}
                      onKeyUp={[Function]}
                      style={
                        {
                          "width": "auto",
                        }
                      }
                      tabIndex={0}
                    >
                      Created:
                      <span
                        className="order-4"
                      />
                    </th>
                    <th
                      aria-label="Modified: sort desc"
                      className="sortable"
                      onClick={[Function]}
                      onKeyUp={[Function]}
                      style={
                        {
                          "width": "auto",
                        }
                      }
                      tabIndex={0}
                    >
                      Modified:
                      <span
                        className="caret-4-desc"
                      />
                    </th>
                    <th
                      style={
                        {
                          "width": "50px",
                        }
                      }
                      tabIndex={0}
                    >
                      Edit
                    </th>
                    <th
                      style={
                        {
                          "width": "90px",
                        }
                      }
                      tabIndex={0}
                    >
                      Delete
                    </th>
                  </tr>
                </thead>
                <tbody>
                  <tr
                    style={{}}
                  >
                    <td
                      className="selection-cell"
                      onClick={[Function]}
                    >
                      <input
                        checked={false}
                        className="selection-input-4"
                        disabled={false}
                        onChange={[Function]}
                        type="radio"
                      />
                    </td>
                    <td
                      className="overflow-x-scroll"
                    >
                      test1
                    </td>
                    <td>
                      <div>
                        Invalid Date
                      </div>
                    </td>
                    <td>
                      <div>
                        Invalid Date
                      </div>
                    </td>
                    <td
                      style={
                        {
                          "height": "30px",
                          "textAlign": "center",
                        }
                      }
                    >
                      <i
                        className="fas fa-edit ablue"
                        onClick={[Function]}
                        role="button"
                      />
                    </td>
                    <td
                      style={
                        {
                          "height": "30px",
                          "textAlign": "center",
                        }
                      }
                    >
                      <i
                        className="fas fa-trash ablue"
                        onClick={[Function]}
                        role="button"
                      />
                    </td>
                  </tr>
                  <tr
                    style={{}}
                  >
                    <td
                      className="selection-cell"
                      onClick={[Function]}
                    >
                      <input
                        checked={false}
                        className="selection-input-4"
                        disabled={false}
                        onChange={[Function]}
                        type="radio"
                      />
                    </td>
                    <td
                      className="overflow-x-scroll"
                    >
                      test2
                    </td>
                    <td>
                      <div>
                        Invalid Date
                      </div>
                    </td>
                    <td>
                      <div>
                        Invalid Date
                      </div>
                    </td>
                    <td
                      style={
                        {
                          "height": "30px",
                          "textAlign": "center",
                        }
                      }
                    >
                      <i
                        className="fas fa-edit ablue"
                        onClick={[Function]}
                        role="button"
                      />
                    </td>
                    <td
                      style={
                        {
                          "height": "30px",
                          "textAlign": "center",
                        }
                      }
                    >
                      <i
                        className="fas fa-trash ablue"
                        onClick={[Function]}
                        role="button"
                      />
                    </td>
                  </tr>
                </tbody>
              </table>
            </div>
            <div
              className="row react-bootstrap-table-pagination"
            >
              <div
                className="col-md-6 col-xs-6 col-sm-6 col-lg-6"
              >
                <span
                  className="react-bs-table-sizePerPage-dropdown dropdown"
                  style={
                    {
                      "visibility": "visible",
                    }
                  }
                >
                  <button
                    aria-expanded={false}
                    className="btn btn-default btn-secondary dropdown-toggle"
                    data-toggle="dropdown"
                    id="datascopetable-pageDropDown"
                    onBlur={[Function]}
                    onClick={[Function]}
                    type="button"
                  >
                    5
                     
                  </button>
                  <ul
                    aria-labelledby="datascopetable-pageDropDown"
                    className="dropdown-menu "
                    role="menu"
                  >
                    <a
                      className="dropdown-item"
                      data-page={5}
                      href="#"
                      onMouseDown={[Function]}
                      role="menuitem"
                      tabIndex="-1"
                    >
                      5
                    </a>
                    <a
                      className="dropdown-item"
                      data-page={10}
                      href="#"
                      onMouseDown={[Function]}
                      role="menuitem"
                      tabIndex="-1"
                    >
                      10
                    </a>
                    <a
                      className="dropdown-item"
                      data-page={15}
                      href="#"
                      onMouseDown={[Function]}
                      role="menuitem"
                      tabIndex="-1"
                    >
                      15
                    </a>
                    <a
                      className="dropdown-item"
                      data-page={20}
                      href="#"
                      onMouseDown={[Function]}
                      role="menuitem"
                      tabIndex="-1"
                    >
                      20
                    </a>
                  </ul>
                </span>
              </div>
              <div
                className="react-bootstrap-table-pagination-list col-md-6 col-xs-6 col-sm-6 col-lg-6"
              >
                <ul
                  className="pagination react-bootstrap-table-page-btns-ul"
                >
                  <li
                    className="active page-item"
                    title="1"
                  >
                    <a
                      className="page-link"
                      href="#"
                      onClick={[Function]}
                    >
                      1
                    </a>
                  </li>
                </ul>
              </div>
            </div>
          </div>
        </div>
      </div>
    </div>
  </div>
</div>
`;
