// Jest Snapshot v1, https://goo.gl/fbAQLP

exports[`delete-connections-form 1`] = `
<div
  class="modal-dialog modal-lg modal-dialog-centered"
  data-testid="modal-delete"
>
  <div
    class="modal-content"
  >
    <div
      class="modal-header"
    >
      <div
        class="modal-title h4"
      >
        Delete connection 
        adventureworks
        ?
      </div>
      <button
        aria-label="Close"
        class="btn-close"
        type="button"
      />
    </div>
    <div
      class="modal-body"
    >
      Are you sure you want to remove the connection? This operation is irreversible.
    </div>
    <div
      class="modal-footer"
    >
      <button
        aria-label="Delete"
        class="btn btn-danger"
        data-testid="Delete"
        id="Delete"
        role="button"
        type="button"
      >
        Delete
      </button>
       
      <button
        class="btn btn-dymium"
        type="button"
      >
        Cancel
      </button>
    </div>
  </div>
</div>
`;

exports[`edit-connections-form 1`] = `
<div
  class="modal-dialog modal-lg"
  data-testid="modal-edit"
>
  <div
    class="modal-content"
  >
    <form
      class=""
      novalidate=""
    >
      <div
        class="modal-header"
      >
        <div
          class="modal-title h4"
        >
          Edit Data Source 
          adventureworks
        </div>
        <button
          aria-label="Close"
          class="btn-close"
          type="button"
        />
      </div>
      <div
        class="modal-body"
      >
        <div
          class="fade alert alert-danger alert-dismissible show"
          role="alert"
        >
          <button
            aria-label="Close alert"
            class="btn-close"
            type="button"
          />
          Error retrieving access key: 
          Unhandled request: /api/getconnectors
           
        </div>
        <div
          class="row"
        >
          <div
            class="col-auto"
          >
            <div
              class="mb-3"
            >
              <label
                class="form-label"
                for="dbtype"
              >
                Data Source type:
              </label>
              <select
                class="form-control form-control-sm"
                id="dbtype"
                required=""
              >
                <option
                  value=""
                >
                  ...
                </option>
                <option
                  value="PostgreSQL"
                >
                  PostgreSQL Database
                </option>
                <option
                  value="MySQL"
                >
                  MySQL Database
                </option>
                <option
                  value="MariaDB"
                >
                  MariaDB Database
                </option>
                <option
                  value="SqlServer"
                >
                  Microsoft SQL Server
                </option>
                <option
                  value="OracleDB"
                >
                  Oracle Database
                </option>
                <option
                  value="DB2"
                >
                  IBM DB2 Database
                </option>
                <option
                  value="MongoDB"
                >
                  MongoDB Database
                </option>
                <option
                  value="Elasticsearch"
                >
                  Elasticsearch Database
                </option>
              </select>
              <div
                class="valid-feedback"
              >
                Looks good!
              </div>
              <div
                class="invalid-feedback"
              >
                Select Data Source type
              </div>
            </div>
          </div>
          <div
            class="col-auto"
          >
            <div
              class="mb-3"
            >
              <label
                class="form-label"
                for="dname"
              >
                <div
                  class=""
                >
                  <div
                    class=" text-wrap"
                  >
                    Dymium
                     
                    <span
                      class="text-nowrap"
                    >
                      name
                      <i
                        class="ml-1 blue fas fa-question-circle text-newinfo"
                      />
                      :
                    </span>
                  </div>
                </div>
              </label>
              <input
                class="form-control form-control-sm"
                id="dname"
                pattern="[a-z0-9_]+"
                placeholder="alpha_num, small caps"
                required=""
                type="text"
                value="adventureworks"
              />
              <div
                class="valid-feedback"
              >
                Looks good!
              </div>
              <div
                class="invalid-feedback"
              >
                Type systemwide unique name to use in SQL
              </div>
            </div>
          </div>
          <div
            class="col-auto"
          >
            <div
              class="mb-3"
            >
              <label
                class="form-label"
                for="dbname"
              >
                <div
                  class=""
                >
                  <div
                    class=" text-wrap"
                  >
                    Database
                     
                    <span
                      class="text-nowrap"
                    >
                      name
                      <i
                        class="ml-1 blue fas fa-question-circle text-newinfo"
                      />
                      :
                    </span>
                  </div>
                </div>
              </label>
              <input
                class="form-control form-control-sm"
                id="dbname"
                pattern=".+"
                placeholder="Alpha_Num"
                required=""
                type="text"
                value="Adventureworks"
              />
              <div
                class="valid-feedback"
              >
                Looks good!
              </div>
              <div
                class="invalid-feedback"
              >
                Type systemwide unique name to use in SQL
              </div>
            </div>
          </div>
        </div>
        <div
          class="row"
        >
          <div
            class="mt-1 col"
            style="padding-left: 1.5em;"
          >
            <div
              class="react-toggle yellowtoggle"
            >
              <div
                class="react-toggle-track"
              >
                <div
                  class="react-toggle-track-check"
                >
                  <svg
                    height="11"
                    viewBox="0 0 14 11"
                    width="14"
                  >
                    <path
                      d="M11.264 0L5.26 6.004 2.103 2.847 0 4.95l5.26 5.26 8.108-8.107L11.264 0"
                      fill="#fff"
                      fill-rule="evenodd"
                    />
                  </svg>
                </div>
                <div
                  class="react-toggle-track-x"
                >
                  <svg
                    height="10"
                    viewBox="0 0 10 10"
                    width="10"
                  >
                    <path
                      d="M9.9 2.12L7.78 0 4.95 2.828 2.12 0 0 2.12l2.83 2.83L0 7.776 2.123 9.9 4.95 7.07 7.78 9.9 9.9 7.776 7.072 4.95 9.9 2.12"
                      fill="#fff"
                      fill-rule="evenodd"
                    />
                  </svg>
                </div>
              </div>
              <div
                class="react-toggle-thumb"
              />
              <input
                class="react-toggle-screenreader-only"
                id="conn-status"
                type="checkbox"
              />
            </div>
            <label
              class="form-check-label"
              for="conn-status"
              style="margin-left: 0.5em; position: relative; top: -0.38em;"
            >
              Use Connector instead of direct addressing
            </label>
          </div>
        </div>
        <div
          class="row"
        >
          <div
            class="col-auto"
          >
            <div
              class="mb-3"
            >
              <label
                class="form-label"
                for="ipaddress"
              >
                Address:
              </label>
              <input
                class="form-control form-control-sm"
                id="ipaddress"
                pattern="^[a-zA-Z0-9._-]+$"
                placeholder="DB IP address or host name"
                required=""
                type="text"
                value="docker.for.mac.host.internal"
              />
              <div
                class="valid-feedback"
              >
                Looks good!
              </div>
              <div
                class="invalid-feedback"
              >
                Enter DB address for Dymium
              </div>
            </div>
          </div>
          <div
            class="col-auto"
          >
            <div
              class="mb-3"
            >
              <label
                class="form-label"
                for="portnumber"
              >
                Port:
              </label>
              <input
                class="form-control form-control-sm"
                id="portnumber"
                min="1"
                placeholder="DB port number"
                required=""
                type="number"
                value="5432"
              />
              <div
                class="valid-feedback"
              >
                Looks good!
              </div>
              <div
                class="invalid-feedback"
              >
                Select DB port for Dymium
              </div>
            </div>
          </div>
          <div
            class="col-auto"
            style="display: flex; align-items: bottom;"
          >
            <div
              style="margin-top: 1.8em;"
            >
              <div
                class="react-toggle yellowtoggle"
              >
                <div
                  class="react-toggle-track"
                >
                  <div
                    class="react-toggle-track-check"
                  >
                    <svg
                      height="11"
                      viewBox="0 0 14 11"
                      width="14"
                    >
                      <path
                        d="M11.264 0L5.26 6.004 2.103 2.847 0 4.95l5.26 5.26 8.108-8.107L11.264 0"
                        fill="#fff"
                        fill-rule="evenodd"
                      />
                    </svg>
                  </div>
                  <div
                    class="react-toggle-track-x"
                  >
                    <svg
                      height="10"
                      viewBox="0 0 10 10"
                      width="10"
                    >
                      <path
                        d="M9.9 2.12L7.78 0 4.95 2.828 2.12 0 0 2.12l2.83 2.83L0 7.776 2.123 9.9 4.95 7.07 7.78 9.9 9.9 7.776 7.072 4.95 9.9 2.12"
                        fill="#fff"
                        fill-rule="evenodd"
                      />
                    </svg>
                  </div>
                </div>
                <div
                  class="react-toggle-thumb"
                />
                <input
                  class="react-toggle-screenreader-only"
                  id="tls-status"
                  type="checkbox"
                />
              </div>
              <label
                class="form-check-label"
                for="tls-status"
                style="margin-left: 0.5em; position: relative; top: -0.38em;"
              >
                Use TLS
              </label>
            </div>
          </div>
        </div>
        <div
          class="row"
        >
          <div
            class="col"
          >
            <div
              class="mb-1"
            >
              <div
                class="form-check"
                style="margin-top: 0.2em;"
              >
                <input
                  class="form-check-input"
                  id="changecred"
                  type="checkbox"
                />
                <label
                  class="form-check-label"
                  for="changecred"
                  title=""
                >
                  Change Data Source credentials
                </label>
              </div>
            </div>
          </div>
        </div>
        <div
          class="row"
        >
          <div
            class="col"
          >
            <div
              class="mb-3"
            >
              <label
                class="form-label"
                for="description"
              >
                Description:
              </label>
              <textarea
                class="form-control"
                id="description"
                placeholder="Please put in the description of this connection"
                required=""
                rows="3"
                style="width: 100%;"
              >
                test data base from Microsoft
              </textarea>
              <div
                class="valid-feedback"
              >
                Looks good!
              </div>
              <div
                class="invalid-feedback"
              >
                Please put in some description
              </div>
            </div>
          </div>
        </div>
      </div>
      <div
        class="modal-footer"
      >
        <button
          aria-label="Apply"
          class="btn btn-dymium"
          id="Apply"
          role="button"
          type="submit"
        >
          Apply
        </button>
         
        <button
          class="btn btn-dymium"
          type="button"
        >
          Cancel
        </button>
      </div>
    </form>
  </div>
</div>
`;
