// Jest Snapshot v1, https://goo.gl/fbAQLP

exports[`edit-datascopes 1`] = `
<div
  className=" text-left"
>
  <div
    className="bs-canvas-overlay position-fixed  w-100 h-100"
    id="bs-offcanvas-overlay"
  />
  <div
    className="bs-offcanvas position-fixed  h-100 bs-offcanvas-anim "
    style={
      Object {
        "right": -600,
        "width": 0,
      }
    }
  >
    <div>
      <div
        className="row"
      >
        <div
          className="col"
        >
           
          <h5>
            Register table
             
          </h5>
        </div>
        <div
          className="col-auto"
        >
          <i
            aria-hidden="true"
            className="cursor-pointer fa fa-times mr-1 fa-2x close"
            onClick={[Function]}
          />
        </div>
      </div>
    </div>
    <div
      className="row"
    >
      <div
        className="offcanvas_handle p-0 m-0 px-2 col-auto"
        onMouseDown={[Function]}
      />
      <div
        className="col"
      />
    </div>
  </div>
  <h5>
     Edit Data Scopes 
    <img
      className="spinner"
      src="/logo.png"
      style={
        Object {
          "width": "28px",
        }
      }
    />
  </h5>
  <div
    className=" text-left"
  >
    <div
      className="row"
    >
       
      <div
        className="col-auto"
      >
        <div
          className="mb-3 form-group"
        >
          <label
            className="form-label"
            htmlFor="connection"
          >
            Available Data Scopes
          </label>
          <select
            className="form-control form-control-sm"
            id="connection"
            onChange={[Function]}
            value=""
          >
            return 
            <option
              value=""
            >
              ...
            </option>
            <option
              value="50fe96d1-b1a4-48df-87bd-6aced2ab1f5a"
            >
              test1
            </option>
            <option
              value="b3fddf89-5822-4227-9948-3ecb3c8c2e33"
            >
              test2
            </option>
          </select>
        </div>
      </div>
    </div>
  </div>
</div>
`;
