// Jest Snapshot v1, https://goo.gl/fbAQLP

exports[`test-rules 1`] = `
[
  <ul
    className="mb-3 text-left nav nav-tabs"
    onKeyDown={[Function]}
    role="tablist"
  >
    <li
      className="nav-item"
      role="presentation"
    >
      <button
        aria-controls="react-aria-:r0:-tabpane-add"
        aria-selected={true}
        className="nav-link active"
        data-rr-ui-event-key="add"
        disabled={false}
        id="react-aria-:r0:-tab-add"
        onClick={[Function]}
        role="tab"
        type="button"
      >
        Access Levels
      </button>
    </li>
    <li
      className="nav-item"
      role="presentation"
    >
      <button
        aria-selected={false}
        className="nav-link"
        data-rr-ui-event-key="edit"
        disabled={false}
        id="react-aria-:r0:-tab-edit"
        onClick={[Function]}
        role="tab"
        tabIndex={-1}
        type="button"
      >
        Rules
      </button>
    </li>
  </ul>,
  <div
    className="tab-content"
  >
    <div
      aria-labelledby="react-aria-:r0:-tab-add"
      className="fade mx-4 tab-pane active show"
      id="react-aria-:r0:-tabpane-add"
      role="tabpanel"
    >
      <div>
        <h5>
          Define Access Levels 
          <i
            className="trash fa-solid fa-circle-info mr-1"
            onClick={[Function]}
          />
           
          <img
            className="hiddenspinner"
            src="/logo.png"
            style={
              {
                "width": "28px",
              }
            }
          />
        </h5>
        <div
          className="bs-offcanvas position-fixed  h-100 bs-offcanvas-anim  cthrough"
          style={
            {
              "right": -300,
              "width": 0,
            }
          }
        >
          <div>
            <div
              className="row"
            >
              <div
                className="col"
              >
                 
                <h5>
                   
                </h5>
              </div>
              <div
                className="col-auto"
              >
                <i
                  aria-hidden="true"
                  className="cursor-pointer fa fa-times mr-1 fa-2x close"
                  onClick={[Function]}
                />
              </div>
            </div>
          </div>
          <div
            className="row"
          >
            <div
              className="offcanvas_handle p-0 m-0 px-2 col-auto"
              onMouseDown={[Function]}
            />
            <div
              className="pl-0 col"
              style={
                {
                  "paddingRight": "10px",
                }
              }
            >
              <h5>
                Access Levels
              </h5>
              <div
                className="mb-3"
              >
                Access levels are the templates for access rights when you define the Ghost Databases. For example, you can define levels
                <ul>
                  <li>
                    Administrator
                  </li>
                  <li>
                    Data Engineer
                  </li>
                  <li>
                    Data Scientist
                  </li>
                </ul>
              </div>
              <div
                className="mb-3"
              >
                Once you defined the levels, go to the next tab Rules, and set the suggestion for data handling for various PIIs
              </div>
            </div>
          </div>
        </div>
        <div>
          <form
            className=""
            onSubmit={[Function]}
          >
            <div
              className="row"
            >
              <div
                className="col-auto"
              >
                <div
                  className="mb-3"
                >
                  <label
                    className="form-label"
                    htmlFor="dname"
                  >
                    Name:
                  </label>
                  <input
                    className="form-control form-control-sm"
                    id="dname"
                    onChange={[Function]}
                    pattern="[\\w '&%]+"
                    placeholder="alpha_num, small caps"
                    required={true}
                    type="text"
                    value=""
                  />
                  <div
                    className="valid-feedback"
                  >
                    Looks good!
                  </div>
                  <div
                    className="invalid-feedback"
                  >
                    Type systemwide unique name to use in SQL
                  </div>
                </div>
              </div>
              <div
                className="col-auto"
              >
                <div
                  className="mb-3"
                >
                  <label
                    className="form-label"
                    htmlFor="daction"
                  >
                    Default Action:
                  </label>
                  <select
                    className="form-control form-control-sm"
                    id="daction"
                    onChange={[Function]}
                    required={true}
                    value="allow"
                  >
                    <option
                      value="allow"
                    >
                      Allow
                    </option>
                    <option
                      value="block"
                    >
                      Block
                    </option>
                    <option
                      value="obfuscate"
                    >
                      Obfuscate
                    </option>
                    <option
                      value="redact"
                    >
                      Redact
                    </option>
                  </select>
                </div>
              </div>
              <div
                className="col-auto"
              >
                <button
                  className="mt-4 btn btn-dymium btn-sm"
                  disabled={false}
                  style={
                    {
                      "position": "relative",
                      "top": "0.16em",
                    }
                  }
                  type="submit"
                >
                  Add
                </button>
              </div>
            </div>
          </form>
          <form
            className=""
            onSubmit={[Function]}
          >
            <li
              aria-describedby="DndDescribedBy-0"
              aria-disabled={false}
              aria-roledescription="sortable"
              className="card licard"
              onKeyDown={[Function]}
              onPointerDown={[Function]}
              role="button"
              style={
                {
                  "transform": undefined,
                  "transition": undefined,
                }
              }
              tabIndex={0}
            >
              <div
                className="row"
              >
                <div
                  className="col"
                >
                  <div
                    style={
                      {
                        "marginTop": "4px",
                      }
                    }
                  >
                    Admin
                  </div>
                </div>
                <div
                  className="col-auto"
                >
                  <select
                    className="form-control form-control-sm mt-1"
                    onChange={[Function]}
                    value="allow"
                  >
                    <option
                      value="allow"
                    >
                      Allow
                    </option>
                    <option
                      value="block"
                    >
                      Block
                    </option>
                    <option
                      value="obfuscate"
                    >
                      Obfuscate
                    </option>
                    <option
                      value="redact"
                    >
                      Redact
                    </option>
                  </select>
                </div>
                <div
                  className="col-auto"
                >
                  <button
                    className="btn btn-outline"
                    disabled={false}
                    id="deletebutton0"
                    onPointerDown={[Function]}
                    type="button"
                  >
                    <i
                      aria-label="delete0"
                      className="fas fa-trash ablue"
                      id="delete0"
                    />
                  </button>
                </div>
              </div>
            </li>
            <li
              aria-describedby="DndDescribedBy-0"
              aria-disabled={false}
              aria-roledescription="sortable"
              className="card licard"
              onKeyDown={[Function]}
              onPointerDown={[Function]}
              role="button"
              style={
                {
                  "transform": undefined,
                  "transition": undefined,
                }
              }
              tabIndex={0}
            >
              <div
                className="row"
              >
                <div
                  className="col"
                >
                  <div
                    style={
                      {
                        "marginTop": "4px",
                      }
                    }
                  >
                    Data Scientist
                  </div>
                </div>
                <div
                  className="col-auto"
                >
                  <select
                    className="form-control form-control-sm mt-1"
                    onChange={[Function]}
                    value="obfuscate"
                  >
                    <option
                      value="allow"
                    >
                      Allow
                    </option>
                    <option
                      value="block"
                    >
                      Block
                    </option>
                    <option
                      value="obfuscate"
                    >
                      Obfuscate
                    </option>
                    <option
                      value="redact"
                    >
                      Redact
                    </option>
                  </select>
                </div>
                <div
                  className="col-auto"
                >
                  <button
                    className="btn btn-outline"
                    disabled={false}
                    id="deletebutton1"
                    onPointerDown={[Function]}
                    type="button"
                  >
                    <i
                      aria-label="delete1"
                      className="fas fa-trash ablue"
                      id="delete1"
                    />
                  </button>
                </div>
              </div>
            </li>
            <div
              id="DndDescribedBy-0"
              style={
                {
                  "display": "none",
                }
              }
            >
              
    To pick up a draggable item, press the space bar.
    While dragging, use the arrow keys to move the item.
    Press space again to drop the item in its new position, or press escape to cancel.
  
            </div>
            <div
              aria-atomic={true}
              aria-live="assertive"
              id="DndLiveRegion-0"
              role="status"
              style={
                {
                  "border": 0,
                  "clip": "rect(0 0 0 0)",
                  "clipPath": "inset(100%)",
                  "height": 1,
                  "margin": -1,
                  "overflow": "hidden",
                  "padding": 0,
                  "position": "fixed",
                  "whiteSpace": "nowrap",
                  "width": 1,
                }
              }
            />
            <div
              className="mt-5 row"
            >
              <div
                className="col-auto"
              >
                <button
                  className="btn btn-dymium btn-sm"
                  disabled={false}
                  type="submit"
                >
                  Apply
                </button>
              </div>
            </div>
          </form>
        </div>
      </div>
    </div>
  </div>,
]
`;
