// Jest Snapshot v1, https://goo.gl/fbAQLP

exports[`Instantiate sidebar 1`] = `
<div
  className="sidenav h-100"
  id="sidebar"
>
  <a
    className="hover-sidebar navselected "
    href="/app/access"
    id="access"
    onClick={[Function]}
  >
     
    <div
      className="darkblue"
    >
       
      <i
        className="fa fa-key mr-2 fa-fw"
      />
      User Access 
    </div>
     
  </a>
  <a
    className="hover-sidebar "
    href="/app/test"
    id="test"
    onClick={[Function]}
  >
     
    <div
      className="darkblue"
    >
        
      <i
        className="fa-solid fa-vial mr-2 fa-fw"
      />
      Test SQL 
    </div>
     
  </a>
  <a
    className="darkblue hover-sidebar "
    href="/api/logout"
  >
    <i
      aria-hidden="true"
      className="fas fa-sign-out mr-2 fa-fw "
    />
    <span
      className=""
    >
      Logout
    </span>
  </a>
</div>
`;
