// Jest Snapshot v1, https://goo.gl/fbAQLP

exports[`test-sql 1`] = `
Array [
  <nav
    className="mb-3 text-left nav nav-tabs"
    onKeyDown={[Function]}
    role="tablist"
  >
    <a
      aria-selected={true}
      className="nav-item nav-link active"
      data-rb-event-key="test"
      href="#"
      onClick={[Function]}
      onKeyDown={[Function]}
      role="tab"
    >
      Test SQL
    </a>
  </nav>,
  <div
    className="tab-content"
  >
    <div
      aria-hidden={false}
      aria-labelledby={null}
      className="fade mx-4 tab-pane active show"
      id={null}
      role="tabpanel"
    >
      <div
        className=" text-left"
      >
        <div
          className="fade alert alert-danger alert-dismissible show"
          role="alert"
        >
          <button
            className="close"
            onClick={[Function]}
            type="button"
          >
            <span
              aria-hidden="true"
            >
              Ã—
            </span>
            <span
              className="sr-only"
            >
              Close alert
            </span>
          </button>
          Error creating connection: 
          Unhandled request: /api/getdatascopetables
           
        </div>
        <div
          className="bs-offcanvas position-fixed  h-100 bs-offcanvas-anim  cthrough"
          style={
            Object {
              "right": -300,
              "width": 0,
            }
          }
        >
          <div>
            <div
              className="row"
            >
              <div
                className="col"
              >
                 
                <h5>
                   
                </h5>
              </div>
              <div
                className="col-auto"
              >
                <i
                  aria-hidden="true"
                  className="cursor-pointer fa fa-times mr-1 fa-2x close"
                  onClick={[Function]}
                />
              </div>
            </div>
          </div>
          <div
            className="row"
          >
            <div
              className="offcanvas_handle p-0 m-0 px-2 col-auto"
              onMouseDown={[Function]}
            />
            <div
              className="pl-0 col"
              style={
                Object {
                  "paddingRight": "10px",
                }
              }
            >
              <h5>
                Testing SQL
              </h5>
              <div
                className="mb-3"
              >
                Here you can run small select queries with a limit of 20 records to test the work of Ghost Database, data access and transformation.
              </div>
              <div
                className="mb-3"
              >
                Select ghost database, select a table, and hit Apply.
              </div>
              <div
                className="mb-3"
              >
                This tool also demonstrates the namespace transformation from the original schemas and tables into the Ghost Database.
              </div>
              <div />
            </div>
          </div>
        </div>
        <h5>
           Test data access and transformation 
          <i
            className="trash fa-solid fa-circle-info mr-1"
            onClick={[Function]}
          />
          <img
            className="hiddenspinner"
            src="/logo.png"
            style={
              Object {
                "width": "28px",
              }
            }
          />
        </h5>
        <div
          className=" text-left"
        >
          <form
            className=""
            noValidate={true}
            onSubmit={[Function]}
          >
            <div
              className="row"
            >
              <div
                className="col-auto"
              >
                <div
                  className="mb-3 form-group"
                >
                  <label
                    className="form-label"
                    htmlFor="connection"
                  >
                    Select Ghost Database
                  </label>
                  <select
                    className="form-control form-control-sm"
                    id="connection"
                    onChange={[Function]}
                    value=""
                  >
                    return 
                    <option
                      value=""
                    >
                      ...
                    </option>
                  </select>
                </div>
              </div>
            </div>
            <div
              className="row"
            >
              <div
                className="col-auto"
              >
                <div
                  style={
                    Object {
                      "fontFamily": "monospace",
                      "marginTop": "3px",
                    }
                  }
                >
                  Select * from
                </div>
              </div>
              <div
                className="col-auto"
              >
                <div
                  className="mb-3 form-group"
                >
                  <select
                    className="form-control form-control-sm"
                    id="connection"
                    onChange={[Function]}
                    style={
                      Object {
                        "fontFamily": "monospace",
                      }
                    }
                  >
                    return 
                    <option
                      value=""
                    >
                      ...
                    </option>
                  </select>
                </div>
              </div>
              <div
                className="col-auto"
              >
                <div
                  style={
                    Object {
                      "fontFamily": "monospace",
                      "marginTop": "3px",
                    }
                  }
                >
                   limit 20;
                </div>
              </div>
              <div
                className="col"
              >
                        
              </div>
            </div>
          </form>
        </div>
      </div>
    </div>
  </div>,
]
`;
