\set MONGO_HOST			`echo \'"$MONGO_HOST"\'`
\set MONGO_PORT			`echo \'"$MONGO_PORT"\'`
\set MONGO_USER_NAME	`echo \'"$MONGO_USER_NAME"\'`
\set MONGO_PASS			`echo \'"$MONGO_PWD"\'`
-- Before running this file user must create database mongo_fdw_regress on
-- MongoDB with all permission for MONGO_USER_NAME user with MONGO_PASS
-- password and ran mongodb_init.sh file to load collections.
\c contrib_regression
CREATE EXTENSION IF NOT EXISTS mongo_fdw;
CREATE SERVER mongo_server FOREIGN DATA WRAPPER mongo_fdw
  OPTIONS (address :MONGO_HOST, port :MONGO_PORT);
CREATE USER MAPPING FOR public SERVER mongo_server;
-- Create foreign tables
CREATE FOREIGN TABLE f_mongo_test (_id name, a int, b varchar)
  SERVER mongo_server OPTIONS (database 'mongo_fdw_regress', collection 'mongo_test');
CREATE FOREIGN TABLE f_test_tbl1 (_id name, c1 INTEGER, c2 VARCHAR(10), c3 CHAR(9), c4 INTEGER, c5 pg_catalog.Date, c6 DECIMAL, c7 INTEGER, c8 INTEGER)
  SERVER mongo_server OPTIONS (database 'mongo_fdw_regress', collection 'test_tbl1');
CREATE FOREIGN TABLE f_test_tbl2 (_id name, c1 INTEGER, c2 VARCHAR(14), c3 VARCHAR(13))
  SERVER mongo_server OPTIONS (database 'mongo_fdw_regress', collection 'test_tbl2');
CREATE FOREIGN TABLE f_test_tbl3 (_id name, name TEXT, marks FLOAT ARRAY, pass BOOLEAN)
  SERVER mongo_server OPTIONS (database 'mongo_fdw_regress', collection 'test_tbl3');
-- Inserts some values in mongo_test collection.
INSERT INTO f_mongo_test VALUES ('0', 1, 'One');
INSERT INTO f_mongo_test VALUES ('0', 2, 'Two');
INSERT INTO f_mongo_test VALUES ('0', 3, 'Three');
SET datestyle TO ISO;
-- Sample data
SELECT c1, c2, c3, c4, c5, c6, c7, c8 FROM f_test_tbl1 ORDER BY c1;
  c1  |  c2   |    c3     |  c4  |     c5     |   c6    |  c7  | c8 
------+-------+-----------+------+------------+---------+------+----
  100 | EMP1  | ADMIN     | 1300 | 1980-12-17 |   800.3 |    0 | 20
  200 | EMP2  | SALESMAN  |  600 | 1981-02-20 |    1600 |  300 | 30
  300 | EMP3  | SALESMAN  |  600 | 1981-02-22 |    1250 |  500 | 30
  400 | EMP4  | MANAGER   |  900 | 1981-04-02 |    2975 |    0 | 20
  500 | EMP5  | SALESMAN  |  600 | 1981-09-28 | 1250.23 | 1400 | 30
  600 | EMP6  | MANAGER   |  900 | 1981-05-01 |    2850 |    0 | 30
  700 | EMP7  | MANAGER   |  900 | 1981-06-09 | 2450.34 |    0 | 10
  800 | EMP8  | FINANCE   |  400 | 1987-04-19 |    3000 |    0 | 20
  900 | EMP9  | HEAD      |      | 1981-11-17 |    5000 |    0 | 10
 1000 | EMP10 | SALESMAN  |  600 | 1980-09-08 |    1500 |    0 | 30
 1100 | EMP11 | ADMIN     |  800 | 1987-05-23 |    1100 |    0 | 20
 1200 | EMP12 | ADMIN     |  600 | 1981-12-03 |     950 |    0 | 30
 1300 | EMP13 | FINANCE   |  400 | 1981-12-03 |    3000 |    0 | 20
 1400 | EMP14 | ADMIN     |  700 | 1982-01-23 |    1300 |    0 | 10
(14 rows)

-- WHERE clause pushdown
EXPLAIN (VERBOSE, COSTS FALSE)
SELECT c1, c2, c6 AS "salary", c8 FROM f_test_tbl1 e
  WHERE c6 IN (1600, 2450)
  ORDER BY c1 ASC NULLS FIRST;
                       QUERY PLAN                        
---------------------------------------------------------
 Sort
   Output: c1, c2, c6, c8
   Sort Key: e.c1 NULLS FIRST
   ->  Foreign Scan on public.f_test_tbl1 e
         Output: c1, c2, c6, c8
         Filter: (e.c6 = ANY ('{1600,2450}'::numeric[]))
         Foreign Namespace: mongo_fdw_regress.test_tbl1
(7 rows)

SELECT c1, c2, c6 AS "salary", c8 FROM f_test_tbl1 e
  WHERE c6 IN (1600, 2450)
  ORDER BY c1;
 c1  |  c2  | salary | c8 
-----+------+--------+----
 200 | EMP2 |   1600 | 30
(1 row)

EXPLAIN (VERBOSE, COSTS FALSE)
SELECT c1, c2, c6 FROM f_test_tbl1 e
  WHERE c6 > 3000
  ORDER BY c1 ASC NULLS FIRST;
                       QUERY PLAN                       
--------------------------------------------------------
 Sort
   Output: c1, c2, c6
   Sort Key: e.c1 NULLS FIRST
   ->  Foreign Scan on public.f_test_tbl1 e
         Output: c1, c2, c6
         Foreign Namespace: mongo_fdw_regress.test_tbl1
(6 rows)

SELECT c1, c2, c6 FROM f_test_tbl1 e
  WHERE c6 > 3000
  ORDER BY c1 ASC NULLS FIRST;
 c1  |  c2  |  c6  
-----+------+------
 900 | EMP9 | 5000
(1 row)

EXPLAIN (VERBOSE, COSTS FALSE)
SELECT c1, c2, c6, c8 FROM f_test_tbl1 e
  WHERE c6 = 1500
  ORDER BY c1 DESC NULLS LAST;
                       QUERY PLAN                       
--------------------------------------------------------
 Sort
   Output: c1, c2, c6, c8
   Sort Key: e.c1 DESC NULLS LAST
   ->  Foreign Scan on public.f_test_tbl1 e
         Output: c1, c2, c6, c8
         Foreign Namespace: mongo_fdw_regress.test_tbl1
(6 rows)

SELECT c1, c2, c6, c8 FROM f_test_tbl1 e
  WHERE c6 = 1500
  ORDER BY c1 DESC NULLS LAST;
  c1  |  c2   |  c6  | c8 
------+-------+------+----
 1000 | EMP10 | 1500 | 30
(1 row)

EXPLAIN (VERBOSE, COSTS FALSE)
SELECT c1, c2, c6, c8 FROM f_test_tbl1 e
  WHERE c6 BETWEEN 1000 AND 4000
  ORDER BY c1 ASC NULLS FIRST;
                       QUERY PLAN                       
--------------------------------------------------------
 Sort
   Output: c1, c2, c6, c8
   Sort Key: e.c1 NULLS FIRST
   ->  Foreign Scan on public.f_test_tbl1 e
         Output: c1, c2, c6, c8
         Foreign Namespace: mongo_fdw_regress.test_tbl1
(6 rows)

SELECT c1, c2, c6, c8 FROM f_test_tbl1 e
  WHERE c6 BETWEEN 1000 AND 4000
  ORDER BY c1 ASC NULLS FIRST;
  c1  |  c2   |   c6    | c8 
------+-------+---------+----
  200 | EMP2  |    1600 | 30
  300 | EMP3  |    1250 | 30
  400 | EMP4  |    2975 | 20
  500 | EMP5  | 1250.23 | 30
  600 | EMP6  |    2850 | 30
  700 | EMP7  | 2450.34 | 10
  800 | EMP8  |    3000 | 20
 1000 | EMP10 |    1500 | 30
 1100 | EMP11 |    1100 | 20
 1300 | EMP13 |    3000 | 20
 1400 | EMP14 |    1300 | 10
(11 rows)

EXPLAIN (VERBOSE, COSTS FALSE)
SELECT c1, c2, c4, c6, c8 FROM f_test_tbl1 e
  WHERE c4 IS NOT NULL
  ORDER BY c1;
                       QUERY PLAN                       
--------------------------------------------------------
 Sort
   Output: c1, c2, c4, c6, c8
   Sort Key: e.c1
   ->  Foreign Scan on public.f_test_tbl1 e
         Output: c1, c2, c4, c6, c8
         Filter: (e.c4 IS NOT NULL)
         Foreign Namespace: mongo_fdw_regress.test_tbl1
(7 rows)

SELECT c1, c2, c4, c6, c8 FROM f_test_tbl1 e
  WHERE c4 IS NOT NULL
  ORDER BY c1;
  c1  |  c2   |  c4  |   c6    | c8 
------+-------+------+---------+----
  100 | EMP1  | 1300 |   800.3 | 20
  200 | EMP2  |  600 |    1600 | 30
  300 | EMP3  |  600 |    1250 | 30
  400 | EMP4  |  900 |    2975 | 20
  500 | EMP5  |  600 | 1250.23 | 30
  600 | EMP6  |  900 |    2850 | 30
  700 | EMP7  |  900 | 2450.34 | 10
  800 | EMP8  |  400 |    3000 | 20
 1000 | EMP10 |  600 |    1500 | 30
 1100 | EMP11 |  800 |    1100 | 20
 1200 | EMP12 |  600 |     950 | 30
 1300 | EMP13 |  400 |    3000 | 20
 1400 | EMP14 |  700 |    1300 | 10
(13 rows)

EXPLAIN (VERBOSE, COSTS FALSE)
SELECT c1, c2, c5 FROM f_test_tbl1 e
  WHERE c5 <= '1980-12-17'
  ORDER BY c1 ASC NULLS FIRST;
                       QUERY PLAN                       
--------------------------------------------------------
 Sort
   Output: c1, c2, c5
   Sort Key: e.c1 NULLS FIRST
   ->  Foreign Scan on public.f_test_tbl1 e
         Output: c1, c2, c5
         Foreign Namespace: mongo_fdw_regress.test_tbl1
(6 rows)

SELECT c1, c2, c5 FROM f_test_tbl1 e
  WHERE c5 <= '1980-12-17'
  ORDER BY c1 ASC NULLS FIRST;
  c1  |  c2   |     c5     
------+-------+------------
  100 | EMP1  | 1980-12-17
 1000 | EMP10 | 1980-09-08
(2 rows)

EXPLAIN (VERBOSE, COSTS FALSE)
SELECT c1, c2, c6, c8 FROM f_test_tbl1 e
  WHERE c2 IN ('EMP6', 'EMP12', 'EMP5')
  ORDER BY c1;
                             QUERY PLAN                             
--------------------------------------------------------------------
 Sort
   Output: c1, c2, c6, c8
   Sort Key: e.c1
   ->  Foreign Scan on public.f_test_tbl1 e
         Output: c1, c2, c6, c8
         Filter: ((e.c2)::text = ANY ('{EMP6,EMP12,EMP5}'::text[]))
         Foreign Namespace: mongo_fdw_regress.test_tbl1
(7 rows)

SELECT c1, c2, c6, c8 FROM f_test_tbl1 e
  WHERE c2 IN ('EMP6', 'EMP12', 'EMP5')
  ORDER BY c1;
  c1  |  c2   |   c6    | c8 
------+-------+---------+----
  500 | EMP5  | 1250.23 | 30
  600 | EMP6  |    2850 | 30
 1200 | EMP12 |     950 | 30
(3 rows)

EXPLAIN (VERBOSE, COSTS FALSE)
SELECT c1, c2, c6, c8 FROM f_test_tbl1 e
  WHERE c3 LIKE 'SALESMAN'
  ORDER BY c1;
                       QUERY PLAN                       
--------------------------------------------------------
 Sort
   Output: c1, c2, c6, c8
   Sort Key: e.c1
   ->  Foreign Scan on public.f_test_tbl1 e
         Output: c1, c2, c6, c8
         Filter: (e.c3 ~~ 'SALESMAN'::text)
         Foreign Namespace: mongo_fdw_regress.test_tbl1
(7 rows)

SELECT c1, c2, c6, c8 FROM f_test_tbl1 e
  WHERE c3 LIKE 'SALESMAN'
  ORDER BY c1;
 c1 | c2 | c6 | c8 
----+----+----+----
(0 rows)

EXPLAIN (VERBOSE, COSTS FALSE)
SELECT c1, c2, c6, c8 FROM f_test_tbl1 e
  WHERE c3 LIKE 'MANA%'
  ORDER BY c1;
                       QUERY PLAN                       
--------------------------------------------------------
 Sort
   Output: c1, c2, c6, c8
   Sort Key: e.c1
   ->  Foreign Scan on public.f_test_tbl1 e
         Output: c1, c2, c6, c8
         Filter: (e.c3 ~~ 'MANA%'::text)
         Foreign Namespace: mongo_fdw_regress.test_tbl1
(7 rows)

SELECT c1, c2, c6, c8 FROM f_test_tbl1 e
  WHERE c3 LIKE 'MANA%'
  ORDER BY c1;
 c1  |  c2  |   c6    | c8 
-----+------+---------+----
 400 | EMP4 |    2975 | 20
 600 | EMP6 |    2850 | 30
 700 | EMP7 | 2450.34 | 10
(3 rows)

EXPLAIN (VERBOSE, COSTS FALSE)
SELECT a FROM f_mongo_test
  WHERE a%2 = 1
  ORDER BY a ASC NULLS FIRST;
                       QUERY PLAN                        
---------------------------------------------------------
 Sort
   Output: a
   Sort Key: f_mongo_test.a NULLS FIRST
   ->  Foreign Scan on public.f_mongo_test
         Output: a
         Filter: ((f_mongo_test.a % 2) = 1)
         Foreign Namespace: mongo_fdw_regress.mongo_test
(7 rows)

SELECT a FROM f_mongo_test
  WHERE a%2 = 1
  ORDER BY a ASC NULLS FIRST;
 a 
---
 1
 3
(2 rows)

EXPLAIN (VERBOSE, COSTS FALSE)
SELECT a, b FROM f_mongo_test
  WHERE a >= 1 AND b LIKE '%O%'
  ORDER BY a;
                       QUERY PLAN                        
---------------------------------------------------------
 Sort
   Output: a, b
   Sort Key: f_mongo_test.a
   ->  Foreign Scan on public.f_mongo_test
         Output: a, b
         Filter: ((f_mongo_test.b)::text ~~ '%O%'::text)
         Foreign Namespace: mongo_fdw_regress.mongo_test
(7 rows)

SELECT a, b FROM f_mongo_test
  WHERE a >= 1 AND b LIKE '%O%'
  ORDER BY a;
 a |  b  
---+-----
 1 | One
(1 row)

EXPLAIN (VERBOSE, COSTS FALSE)
SELECT c1, c2, c5 FROM f_test_tbl1 e
  WHERE c5 <= '1980-12-17' AND c2 IN ('EMP1', 'EMP5', 'EMP10') AND c1 = 100
  ORDER BY c1;
                          QUERY PLAN                          
--------------------------------------------------------------
 Foreign Scan on public.f_test_tbl1 e
   Output: c1, c2, c5
   Filter: ((e.c2)::text = ANY ('{EMP1,EMP5,EMP10}'::text[]))
   Foreign Namespace: mongo_fdw_regress.test_tbl1
(4 rows)

SELECT c1, c2, c5 FROM f_test_tbl1 e
  WHERE c5 <= '1980-12-17' AND c2 IN ('EMP1', 'EMP5', 'EMP10') AND c1 = 100
  ORDER BY c1;
 c1  |  c2  |     c5     
-----+------+------------
 100 | EMP1 | 1980-12-17
(1 row)

-- The ORDER BY clause shouldn't push-down due to explicit COLLATE.
EXPLAIN (VERBOSE, COSTS FALSE)
SELECT c1, c2 FROM f_test_tbl1
  WHERE c2 = 'EMP10'
  ORDER BY c2 COLLATE "en_US" DESC NULLS LAST;
                         QUERY PLAN                         
------------------------------------------------------------
 Sort
   Output: c1, c2, ((c2)::character varying(10))
   Sort Key: f_test_tbl1.c2 COLLATE "en_US" DESC NULLS LAST
   ->  Foreign Scan on public.f_test_tbl1
         Output: c1, c2, c2
         Foreign Namespace: mongo_fdw_regress.test_tbl1
(6 rows)

SELECT c1, c2 FROM f_test_tbl1
  WHERE c2 = 'EMP10'
  ORDER BY c2 COLLATE "en_US" DESC NULLS LAST;
  c1  |  c2   
------+-------
 1000 | EMP10
(1 row)

EXPLAIN (VERBOSE, COSTS FALSE)
SELECT c1, c2 FROM f_test_tbl1
  WHERE c2 < 'EMP10'
  ORDER BY c2 DESC NULLS LAST;
                       QUERY PLAN                       
--------------------------------------------------------
 Sort
   Output: c1, c2
   Sort Key: f_test_tbl1.c2 DESC NULLS LAST
   ->  Foreign Scan on public.f_test_tbl1
         Output: c1, c2
         Foreign Namespace: mongo_fdw_regress.test_tbl1
(6 rows)

SELECT c1, c2 FROM f_test_tbl1
  WHERE c2 < 'EMP10'
  ORDER BY c2 DESC NULLS LAST;
 c1  |  c2  
-----+------
 100 | EMP1
(1 row)

-- Should push down if two columns of same table are
-- involved in single WHERE clause operator expression.
EXPLAIN (VERBOSE, COSTS FALSE)
SELECT c1, c4 FROM f_test_tbl1
  WHERE c1 > c4
  ORDER BY c1 ASC NULLS FIRST;
                       QUERY PLAN                       
--------------------------------------------------------
 Sort
   Output: c1, c4
   Sort Key: f_test_tbl1.c1 NULLS FIRST
   ->  Foreign Scan on public.f_test_tbl1
         Output: c1, c4
         Filter: (f_test_tbl1.c1 > f_test_tbl1.c4)
         Foreign Namespace: mongo_fdw_regress.test_tbl1
(7 rows)

SELECT c1, c4 FROM f_test_tbl1
  WHERE c1 > c4
  ORDER BY c1 ASC NULLS FIRST;
  c1  | c4  
------+-----
  800 | 400
 1000 | 600
 1100 | 800
 1200 | 600
 1300 | 400
 1400 | 700
(6 rows)

EXPLAIN (VERBOSE, COSTS FALSE)
SELECT c1, c4, c7, c8 FROM f_test_tbl1
  WHERE c1 < c4 AND c7 < c8
  ORDER BY c1;
                                        QUERY PLAN                                         
-------------------------------------------------------------------------------------------
 Sort
   Output: c1, c4, c7, c8
   Sort Key: f_test_tbl1.c1
   ->  Foreign Scan on public.f_test_tbl1
         Output: c1, c4, c7, c8
         Filter: ((f_test_tbl1.c1 < f_test_tbl1.c4) AND (f_test_tbl1.c7 < f_test_tbl1.c8))
         Foreign Namespace: mongo_fdw_regress.test_tbl1
(7 rows)

SELECT c1, c4, c7, c8 FROM f_test_tbl1
  WHERE c1 < c4 AND c7 < c8
  ORDER BY c1;
 c1  |  c4  | c7 | c8 
-----+------+----+----
 100 | 1300 |  0 | 20
 400 |  900 |  0 | 20
 600 |  900 |  0 | 30
 700 |  900 |  0 | 10
(4 rows)

-- With ORDER BY pushdown disabled.
SET mongo_fdw.enable_order_by_pushdown TO OFF;
EXPLAIN (VERBOSE, COSTS FALSE)
SELECT c1, c4 FROM f_test_tbl1
  WHERE c1 > c4
  ORDER BY c1 ASC NULLS FIRST;
                       QUERY PLAN                       
--------------------------------------------------------
 Sort
   Output: c1, c4
   Sort Key: f_test_tbl1.c1 NULLS FIRST
   ->  Foreign Scan on public.f_test_tbl1
         Output: c1, c4
         Filter: (f_test_tbl1.c1 > f_test_tbl1.c4)
         Foreign Namespace: mongo_fdw_regress.test_tbl1
(7 rows)

SELECT c1, c4 FROM f_test_tbl1
  WHERE c1 > c4
  ORDER BY c1 ASC NULLS FIRST;
  c1  | c4  
------+-----
  800 | 400
 1000 | 600
 1100 | 800
 1200 | 600
 1300 | 400
 1400 | 700
(6 rows)

SET mongo_fdw.enable_order_by_pushdown TO ON;
-- Nested operator expression in WHERE clause. Should pushdown.
EXPLAIN (VERBOSE, COSTS FALSE)
SELECT c1, c2 FROM f_test_tbl1
  WHERE (c1 > 1000) > FALSE
  ORDER BY c1 ASC NULLS FIRST;
                       QUERY PLAN                       
--------------------------------------------------------
 Sort
   Output: c1, c2
   Sort Key: f_test_tbl1.c1 NULLS FIRST
   ->  Foreign Scan on public.f_test_tbl1
         Output: c1, c2
         Filter: ((f_test_tbl1.c1 > 1000) > false)
         Foreign Namespace: mongo_fdw_regress.test_tbl1
(7 rows)

SELECT c1, c2 FROM f_test_tbl1
  WHERE (c1 > 1000) > FALSE
  ORDER BY c1 ASC NULLS FIRST;
  c1  |  c2   
------+-------
 1100 | EMP11
 1200 | EMP12
 1300 | EMP13
 1400 | EMP14
(4 rows)

EXPLAIN (VERBOSE, COSTS FALSE)
SELECT c1, c2 FROM f_test_tbl1
  WHERE (c1 > 1000) > 0::BOOLEAN
  ORDER BY c1 ASC NULLS FIRST;
                       QUERY PLAN                       
--------------------------------------------------------
 Sort
   Output: c1, c2
   Sort Key: f_test_tbl1.c1 NULLS FIRST
   ->  Foreign Scan on public.f_test_tbl1
         Output: c1, c2
         Filter: ((f_test_tbl1.c1 > 1000) > false)
         Foreign Namespace: mongo_fdw_regress.test_tbl1
(7 rows)

SELECT c1, c2 FROM f_test_tbl1
  WHERE (c1 > 1000) > 0::BOOLEAN
  ORDER BY c1 ASC NULLS FIRST;
  c1  |  c2   
------+-------
 1100 | EMP11
 1200 | EMP12
 1300 | EMP13
 1400 | EMP14
(4 rows)

-- Shouldn't push down operators where the constant is an array.
EXPLAIN (VERBOSE, COSTS FALSE)
SELECT name, marks FROM f_test_tbl3
  WHERE marks = ARRAY[23::FLOAT, 24::FLOAT]
  ORDER BY name;
                             QUERY PLAN                              
---------------------------------------------------------------------
 Sort
   Output: name, marks
   Sort Key: f_test_tbl3.name
   ->  Foreign Scan on public.f_test_tbl3
         Output: name, marks
         Filter: (f_test_tbl3.marks = '{23,24}'::double precision[])
         Foreign Namespace: mongo_fdw_regress.test_tbl3
(7 rows)

SELECT name, marks FROM f_test_tbl3
  WHERE marks = ARRAY[23::FLOAT, 24::FLOAT]
  ORDER BY name;
 name |  marks  
------+---------
 dvd  | {23,24}
(1 row)

-- Pushdown in prepared statement.
PREPARE pre_stmt_f_mongo_test(int) AS
  SELECT b FROM f_mongo_test WHERE a = $1 ORDER BY b;
EXPLAIN (VERBOSE, COSTS FALSE)
EXECUTE pre_stmt_f_mongo_test(1);
                       QUERY PLAN                        
---------------------------------------------------------
 Sort
   Output: b
   Sort Key: f_mongo_test.b
   ->  Foreign Scan on public.f_mongo_test
         Output: b
         Foreign Namespace: mongo_fdw_regress.mongo_test
(6 rows)

EXECUTE pre_stmt_f_mongo_test(1);
  b  
-----
 One
(1 row)

EXPLAIN (VERBOSE, COSTS FALSE)
EXECUTE pre_stmt_f_mongo_test(2);
                       QUERY PLAN                        
---------------------------------------------------------
 Sort
   Output: b
   Sort Key: f_mongo_test.b
   ->  Foreign Scan on public.f_mongo_test
         Output: b
         Foreign Namespace: mongo_fdw_regress.mongo_test
(6 rows)

EXECUTE pre_stmt_f_mongo_test(2);
  b  
-----
 Two
(1 row)

-- FDW-297: Only operator expressions should be pushed down in WHERE clause.
EXPLAIN (VERBOSE, COSTS FALSE)
SELECT name, marks FROM f_test_tbl3
  WHERE pass = true
  ORDER BY name DESC NULLS LAST;
                       QUERY PLAN                       
--------------------------------------------------------
 Sort
   Output: name, marks
   Sort Key: f_test_tbl3.name DESC NULLS LAST
   ->  Foreign Scan on public.f_test_tbl3
         Output: name, marks
         Filter: f_test_tbl3.pass
         Foreign Namespace: mongo_fdw_regress.test_tbl3
(7 rows)

SELECT name, marks FROM f_test_tbl3
  WHERE pass = true
  ORDER BY name DESC NULLS LAST;
 name |  marks  
------+---------
 vdd  | {29,31}
(1 row)

-- INSERT NULL values and check behaviour.
INSERT INTO f_test_tbl2 VALUES ('0', NULL, NULL, NULL);
-- Should pushdown and shouldn't result row with NULL VALUES.
EXPLAIN (VERBOSE, COSTS FALSE)
SELECT c1 FROM f_test_tbl2 WHERE c1 < 1;
                    QUERY PLAN                    
--------------------------------------------------
 Foreign Scan on public.f_test_tbl2
   Output: c1
   Foreign Namespace: mongo_fdw_regress.test_tbl2
(3 rows)

SELECT c1 FROM f_test_tbl2 WHERE c1 < 1;
 c1 
----
(0 rows)

EXPLAIN (VERBOSE, COSTS FALSE)
SELECT c1 FROM f_test_tbl2 WHERE c2 = c3;
                         QUERY PLAN                          
-------------------------------------------------------------
 Foreign Scan on public.f_test_tbl2
   Output: c1
   Filter: ((f_test_tbl2.c2)::text = (f_test_tbl2.c3)::text)
   Foreign Namespace: mongo_fdw_regress.test_tbl2
(4 rows)

SELECT c1 FROM f_test_tbl2 WHERE c2 = c3;
 c1 
----
(0 rows)

-- Test with IS NULL, shouldn't push down
EXPLAIN (VERBOSE, COSTS FALSE)
SELECT c1 FROM f_test_tbl2 WHERE c2 IS NULL;
                    QUERY PLAN                    
--------------------------------------------------
 Foreign Scan on public.f_test_tbl2
   Output: c1
   Filter: (f_test_tbl2.c2 IS NULL)
   Foreign Namespace: mongo_fdw_regress.test_tbl2
(4 rows)

SELECT c1 FROM f_test_tbl2 WHERE c2 IS NULL;
 c1 
----
   
(1 row)

-- FDW-134: Test with number of columns more than 32
CREATE FOREIGN TABLE f_test_large (_id int,
  a01 int, a02 int, a03 int, a04 int, a05 int, a06 int, a07 int, a08 int, a09 int, a10 int,
  a11 int, a12 int, a13 int, a14 int, a15 int, a16 int, a17 int, a18 int, a19 int, a20 int,
  a21 int, a22 int, a23 int, a24 int, a25 int, a26 int, a27 int, a28 int, a29 int, a30 int,
  a31 int, a32 int, a33 int, a34 int, a35 int)
  SERVER mongo_server OPTIONS (database 'mongo_fdw_regress', collection 'mongo_test_large');
-- Shouldn't pushdown ORDERBY clause due to exceeded number of path keys limit.
EXPLAIN (VERBOSE, COSTS FALSE)
SELECT _id, a01, a31, a32, a33, a34, a35 FROM f_test_large ORDER BY
  a01 ASC NULLS FIRST, a02 ASC NULLS FIRST, a03 ASC NULLS FIRST, a04 ASC NULLS FIRST, a05 ASC NULLS FIRST,
  a06 ASC NULLS FIRST, a07 ASC NULLS FIRST, a08 ASC NULLS FIRST, a09 ASC NULLS FIRST, a10 ASC NULLS FIRST,
  a11 ASC NULLS FIRST, a12 ASC NULLS FIRST, a13 ASC NULLS FIRST, a14 ASC NULLS FIRST, a15 ASC NULLS FIRST,
  a16 ASC NULLS FIRST, a17 ASC NULLS FIRST, a18 ASC NULLS FIRST, a19 ASC NULLS FIRST, a20 ASC NULLS FIRST,
  a21 ASC NULLS FIRST, a22 ASC NULLS FIRST, a23 ASC NULLS FIRST, a24 ASC NULLS FIRST, a25 ASC NULLS FIRST,
  a26 ASC NULLS FIRST, a27 ASC NULLS FIRST, a28 ASC NULLS FIRST, a29 ASC NULLS FIRST, a30 ASC NULLS FIRST,
  a31 ASC NULLS FIRST, a32 ASC NULLS FIRST, a33 ASC NULLS FIRST, a34 DESC NULLS LAST, a35 ASC NULLS FIRST;
                                                                                                                                                                                                                                                                                                                                                                                                                                                                                                                                                QUERY PLAN                                                                                                                                                                                                                                                                                                                                                                                                                                                                                                                                                
----------------------------------------------------------------------------------------------------------------------------------------------------------------------------------------------------------------------------------------------------------------------------------------------------------------------------------------------------------------------------------------------------------------------------------------------------------------------------------------------------------------------------------------------------------------------------------------------------------------------------------------------------------------------------------------------------------------------------------------------------------------------------------------------------------------------------------------------------------------------------------------------------------------------------------------------------------------------------------------------------------------------------------------------------------------------------------------------------------
 Sort
   Output: _id, a01, a31, a32, a33, a34, a35, a02, a03, a04, a05, a06, a07, a08, a09, a10, a11, a12, a13, a14, a15, a16, a17, a18, a19, a20, a21, a22, a23, a24, a25, a26, a27, a28, a29, a30
   Sort Key: f_test_large.a01 NULLS FIRST, f_test_large.a02 NULLS FIRST, f_test_large.a03 NULLS FIRST, f_test_large.a04 NULLS FIRST, f_test_large.a05 NULLS FIRST, f_test_large.a06 NULLS FIRST, f_test_large.a07 NULLS FIRST, f_test_large.a08 NULLS FIRST, f_test_large.a09 NULLS FIRST, f_test_large.a10 NULLS FIRST, f_test_large.a11 NULLS FIRST, f_test_large.a12 NULLS FIRST, f_test_large.a13 NULLS FIRST, f_test_large.a14 NULLS FIRST, f_test_large.a15 NULLS FIRST, f_test_large.a16 NULLS FIRST, f_test_large.a17 NULLS FIRST, f_test_large.a18 NULLS FIRST, f_test_large.a19 NULLS FIRST, f_test_large.a20 NULLS FIRST, f_test_large.a21 NULLS FIRST, f_test_large.a22 NULLS FIRST, f_test_large.a23 NULLS FIRST, f_test_large.a24 NULLS FIRST, f_test_large.a25 NULLS FIRST, f_test_large.a26 NULLS FIRST, f_test_large.a27 NULLS FIRST, f_test_large.a28 NULLS FIRST, f_test_large.a29 NULLS FIRST, f_test_large.a30 NULLS FIRST, f_test_large.a31 NULLS FIRST, f_test_large.a32 NULLS FIRST, f_test_large.a33 NULLS FIRST, f_test_large.a34 DESC NULLS LAST, f_test_large.a35 NULLS FIRST
   ->  Foreign Scan on public.f_test_large
         Output: _id, a01, a31, a32, a33, a34, a35, a02, a03, a04, a05, a06, a07, a08, a09, a10, a11, a12, a13, a14, a15, a16, a17, a18, a19, a20, a21, a22, a23, a24, a25, a26, a27, a28, a29, a30
         Foreign Namespace: mongo_fdw_regress.mongo_test_large
(6 rows)

SELECT _id, a01, a31, a32, a33, a34, a35 FROM f_test_large ORDER BY
  a01 ASC NULLS FIRST, a02 ASC NULLS FIRST, a03 ASC NULLS FIRST, a04 ASC NULLS FIRST, a05 ASC NULLS FIRST,
  a06 ASC NULLS FIRST, a07 ASC NULLS FIRST, a08 ASC NULLS FIRST, a09 ASC NULLS FIRST, a10 ASC NULLS FIRST,
  a11 ASC NULLS FIRST, a12 ASC NULLS FIRST, a13 ASC NULLS FIRST, a14 ASC NULLS FIRST, a15 ASC NULLS FIRST,
  a16 ASC NULLS FIRST, a17 ASC NULLS FIRST, a18 ASC NULLS FIRST, a19 ASC NULLS FIRST, a20 ASC NULLS FIRST,
  a21 ASC NULLS FIRST, a22 ASC NULLS FIRST, a23 ASC NULLS FIRST, a24 ASC NULLS FIRST, a25 ASC NULLS FIRST,
  a26 ASC NULLS FIRST, a27 ASC NULLS FIRST, a28 ASC NULLS FIRST, a29 ASC NULLS FIRST, a30 ASC NULLS FIRST,
  a31 ASC NULLS FIRST, a32 ASC NULLS FIRST, a33 ASC NULLS FIRST, a34 DESC NULLS LAST, a35 ASC NULLS FIRST;
 _id | a01 | a31 | a32 | a33 | a34 | a35 
-----+-----+-----+-----+-----+-----+-----
   1 |   1 |  31 |   2 |   3 |   4 |   5
   3 |   1 |  31 |  32 |   3 |  34 |  35
   0 |   1 |  31 |  32 |  33 | 134 |  35
   4 |   1 |  31 |  32 |  33 |  34 |  35
   2 |   1 |  31 | 132 | 133 | 134 | 135
(5 rows)

-- Should pushdown ORDERBY clause because number of path keys are in limit.
EXPLAIN (VERBOSE, COSTS FALSE)
SELECT _id, a01, a31, a32, a33, a34, a35 FROM f_test_large ORDER BY
  a01 ASC NULLS FIRST, a02 ASC NULLS FIRST, a03 ASC NULLS FIRST, a04 ASC NULLS FIRST, a05 ASC NULLS FIRST,
  a06 ASC NULLS FIRST, a07 ASC NULLS FIRST, a08 ASC NULLS FIRST, a09 ASC NULLS FIRST, a10 ASC NULLS FIRST,
  a11 ASC NULLS FIRST, a12 ASC NULLS FIRST, a13 ASC NULLS FIRST, a14 ASC NULLS FIRST, a15 ASC NULLS FIRST,
  a16 ASC NULLS FIRST, a17 ASC NULLS FIRST, a18 ASC NULLS FIRST, a19 ASC NULLS FIRST, a20 ASC NULLS FIRST,
  a21 ASC NULLS FIRST, a22 ASC NULLS FIRST, a23 ASC NULLS FIRST, a24 ASC NULLS FIRST, a25 ASC NULLS FIRST,
  a26 ASC NULLS FIRST, a27 ASC NULLS FIRST, a28 ASC NULLS FIRST, a29 ASC NULLS FIRST, a30 ASC NULLS FIRST,
  a31 ASC NULLS FIRST, a32 ASC NULLS FIRST;
                                                                                                                                                                                                                                                                                                                                                                                                                                                                                                 QUERY PLAN                                                                                                                                                                                                                                                                                                                                                                                                                                                                                                 
------------------------------------------------------------------------------------------------------------------------------------------------------------------------------------------------------------------------------------------------------------------------------------------------------------------------------------------------------------------------------------------------------------------------------------------------------------------------------------------------------------------------------------------------------------------------------------------------------------------------------------------------------------------------------------------------------------------------------------------------------------------------------------------------------------------------------------------------------------------------------------------------------------------------------------------------------------------------------------------------------------
 Sort
   Output: _id, a01, a31, a32, a33, a34, a35, a02, a03, a04, a05, a06, a07, a08, a09, a10, a11, a12, a13, a14, a15, a16, a17, a18, a19, a20, a21, a22, a23, a24, a25, a26, a27, a28, a29, a30
   Sort Key: f_test_large.a01 NULLS FIRST, f_test_large.a02 NULLS FIRST, f_test_large.a03 NULLS FIRST, f_test_large.a04 NULLS FIRST, f_test_large.a05 NULLS FIRST, f_test_large.a06 NULLS FIRST, f_test_large.a07 NULLS FIRST, f_test_large.a08 NULLS FIRST, f_test_large.a09 NULLS FIRST, f_test_large.a10 NULLS FIRST, f_test_large.a11 NULLS FIRST, f_test_large.a12 NULLS FIRST, f_test_large.a13 NULLS FIRST, f_test_large.a14 NULLS FIRST, f_test_large.a15 NULLS FIRST, f_test_large.a16 NULLS FIRST, f_test_large.a17 NULLS FIRST, f_test_large.a18 NULLS FIRST, f_test_large.a19 NULLS FIRST, f_test_large.a20 NULLS FIRST, f_test_large.a21 NULLS FIRST, f_test_large.a22 NULLS FIRST, f_test_large.a23 NULLS FIRST, f_test_large.a24 NULLS FIRST, f_test_large.a25 NULLS FIRST, f_test_large.a26 NULLS FIRST, f_test_large.a27 NULLS FIRST, f_test_large.a28 NULLS FIRST, f_test_large.a29 NULLS FIRST, f_test_large.a30 NULLS FIRST, f_test_large.a31 NULLS FIRST, f_test_large.a32 NULLS FIRST
   ->  Foreign Scan on public.f_test_large
         Output: _id, a01, a31, a32, a33, a34, a35, a02, a03, a04, a05, a06, a07, a08, a09, a10, a11, a12, a13, a14, a15, a16, a17, a18, a19, a20, a21, a22, a23, a24, a25, a26, a27, a28, a29, a30
         Foreign Namespace: mongo_fdw_regress.mongo_test_large
(6 rows)

SELECT _id, a01, a31, a32, a33, a34, a35 FROM f_test_large ORDER BY
  a01 ASC NULLS FIRST, a02 ASC NULLS FIRST, a03 ASC NULLS FIRST, a04 ASC NULLS FIRST, a05 ASC NULLS FIRST,
  a06 ASC NULLS FIRST, a07 ASC NULLS FIRST, a08 ASC NULLS FIRST, a09 ASC NULLS FIRST, a10 ASC NULLS FIRST,
  a11 ASC NULLS FIRST, a12 ASC NULLS FIRST, a13 ASC NULLS FIRST, a14 ASC NULLS FIRST, a15 ASC NULLS FIRST,
  a16 ASC NULLS FIRST, a17 ASC NULLS FIRST, a18 ASC NULLS FIRST, a19 ASC NULLS FIRST, a20 ASC NULLS FIRST,
  a21 ASC NULLS FIRST, a22 ASC NULLS FIRST, a23 ASC NULLS FIRST, a24 ASC NULLS FIRST, a25 ASC NULLS FIRST,
  a26 ASC NULLS FIRST, a27 ASC NULLS FIRST, a28 ASC NULLS FIRST, a29 ASC NULLS FIRST, a30 ASC NULLS FIRST,
  a31 ASC NULLS FIRST, a32 ASC NULLS FIRST;
 _id | a01 | a31 | a32 | a33 | a34 | a35 
-----+-----+-----+-----+-----+-----+-----
   1 |   1 |  31 |   2 |   3 |   4 |   5
   0 |   1 |  31 |  32 |  33 | 134 |  35
   3 |   1 |  31 |  32 |   3 |  34 |  35
   4 |   1 |  31 |  32 |  33 |  34 |  35
   2 |   1 |  31 | 132 | 133 | 134 | 135
(5 rows)

-- FDW-564: Test ORDER BY with user defined operators. Create the operator
-- family required for the test.
CREATE OPERATOR PUBLIC.<^ (
  LEFTARG = INT4,
  RIGHTARG = INT4,
  PROCEDURE = INT4EQ
);
CREATE OPERATOR PUBLIC.=^ (
  LEFTARG = INT4,
  RIGHTARG = INT4,
  PROCEDURE = INT4LT
);
CREATE OPERATOR PUBLIC.>^ (
  LEFTARG = INT4,
  RIGHTARG = INT4,
  PROCEDURE = INT4GT
);
CREATE OPERATOR FAMILY my_op_family USING btree;
CREATE FUNCTION MY_OP_CMP(A INT, B INT) RETURNS INT AS
  $$ BEGIN RETURN BTINT4CMP(A, B); END $$ LANGUAGE PLPGSQL;
CREATE OPERATOR CLASS my_op_class FOR TYPE INT USING btree FAMILY my_op_family AS
  OPERATOR 1 PUBLIC.<^,
  OPERATOR 3 PUBLIC.=^,
  OPERATOR 5 PUBLIC.>^,
  FUNCTION 1 my_op_cmp(INT, INT);
-- FDW-564: User defined operators are not pushed down.
EXPLAIN (COSTS FALSE, VERBOSE)
SELECT * FROM f_mongo_test ORDER BY a USING OPERATOR(public.<^);
                       QUERY PLAN                        
---------------------------------------------------------
 Sort
   Output: _id, a, b
   Sort Key: f_mongo_test.a USING <^
   ->  Foreign Scan on public.f_mongo_test
         Output: _id, a, b
         Foreign Namespace: mongo_fdw_regress.mongo_test
(6 rows)

EXPLAIN (COSTS FALSE, VERBOSE)
SELECT MIN(a) FROM f_mongo_test ORDER BY 1 USING OPERATOR(public.<^);
                          QUERY PLAN                           
---------------------------------------------------------------
 Sort
   Output: (min(a))
   Sort Key: (min(f_mongo_test.a)) USING <^
   ->  Aggregate
         Output: min(a)
         ->  Foreign Scan on public.f_mongo_test
               Output: _id, a, b
               Foreign Namespace: mongo_fdw_regress.mongo_test
(8 rows)

-- FDW-589: Test enable_order_by_pushdown option at server and table level.
-- Test the option at server level.
-- Check only boolean values are accepted.
ALTER SERVER mongo_server OPTIONS (ADD enable_order_by_pushdown 'abc11');
ERROR:  invalid option "enable_order_by_pushdown"
HINT:  Valid options in this context are: address, port, use_remote_estimate.
ALTER SERVER mongo_server OPTIONS (ADD enable_order_by_pushdown 'false');
ERROR:  invalid option "enable_order_by_pushdown"
HINT:  Valid options in this context are: address, port, use_remote_estimate.
EXPLAIN (VERBOSE, COSTS FALSE)
SELECT c1, c4 FROM f_test_tbl1
  WHERE c1 > c4
  ORDER BY c1 ASC NULLS FIRST;
                       QUERY PLAN                       
--------------------------------------------------------
 Sort
   Output: c1, c4
   Sort Key: f_test_tbl1.c1 NULLS FIRST
   ->  Foreign Scan on public.f_test_tbl1
         Output: c1, c4
         Filter: (f_test_tbl1.c1 > f_test_tbl1.c4)
         Foreign Namespace: mongo_fdw_regress.test_tbl1
(7 rows)

ALTER SERVER mongo_server OPTIONS (SET enable_order_by_pushdown 'true');
ERROR:  option "enable_order_by_pushdown" not found
EXPLAIN (VERBOSE, COSTS FALSE)
SELECT c1, c4 FROM f_test_tbl1
  WHERE c1 > c4
  ORDER BY c1 ASC NULLS FIRST;
                       QUERY PLAN                       
--------------------------------------------------------
 Sort
   Output: c1, c4
   Sort Key: f_test_tbl1.c1 NULLS FIRST
   ->  Foreign Scan on public.f_test_tbl1
         Output: c1, c4
         Filter: (f_test_tbl1.c1 > f_test_tbl1.c4)
         Foreign Namespace: mongo_fdw_regress.test_tbl1
(7 rows)

-- Test that setting option at table level does not affect the setting at
-- server level.
ALTER SERVER mongo_server OPTIONS (SET enable_order_by_pushdown 'false');
ERROR:  option "enable_order_by_pushdown" not found
-- Test the option at table level.
ALTER FOREIGN TABLE f_test_tbl1 OPTIONS (ADD enable_order_by_pushdown 'true');
ERROR:  invalid option "enable_order_by_pushdown"
HINT:  Valid options in this context are: database, collection.
EXPLAIN (VERBOSE, COSTS FALSE)
SELECT c1, c4 FROM f_test_tbl1
  WHERE c1 > c4
  ORDER BY c1 ASC NULLS FIRST;
                       QUERY PLAN                       
--------------------------------------------------------
 Sort
   Output: c1, c4
   Sort Key: f_test_tbl1.c1 NULLS FIRST
   ->  Foreign Scan on public.f_test_tbl1
         Output: c1, c4
         Filter: (f_test_tbl1.c1 > f_test_tbl1.c4)
         Foreign Namespace: mongo_fdw_regress.test_tbl1
(7 rows)

SELECT c1, c4 FROM f_test_tbl1
  WHERE c1 > c4
  ORDER BY c1 ASC NULLS FIRST;
  c1  | c4  
------+-----
  800 | 400
 1000 | 600
 1100 | 800
 1200 | 600
 1300 | 400
 1400 | 700
(6 rows)

ALTER FOREIGN TABLE f_test_tbl1 OPTIONS (SET enable_order_by_pushdown 'false');
ERROR:  option "enable_order_by_pushdown" not found
EXPLAIN (VERBOSE, COSTS FALSE)
SELECT c1, c4 FROM f_test_tbl1
  WHERE c1 > c4
  ORDER BY c1 ASC NULLS FIRST;
                       QUERY PLAN                       
--------------------------------------------------------
 Sort
   Output: c1, c4
   Sort Key: f_test_tbl1.c1 NULLS FIRST
   ->  Foreign Scan on public.f_test_tbl1
         Output: c1, c4
         Filter: (f_test_tbl1.c1 > f_test_tbl1.c4)
         Foreign Namespace: mongo_fdw_regress.test_tbl1
(7 rows)

SELECT c1, c4 FROM f_test_tbl1
  WHERE c1 > c4
  ORDER BY c1 ASC NULLS FIRST;
  c1  | c4  
------+-----
  800 | 400
 1000 | 600
 1100 | 800
 1200 | 600
 1300 | 400
 1400 | 700
(6 rows)

ALTER SERVER mongo_server OPTIONS (SET enable_order_by_pushdown 'true');
ERROR:  option "enable_order_by_pushdown" not found
ALTER FOREIGN TABLE f_test_tbl1 OPTIONS (SET enable_order_by_pushdown 'true');
ERROR:  option "enable_order_by_pushdown" not found
-- FDW-631: Test pushdown of boolean expression
EXPLAIN (VERBOSE, COSTS FALSE)
SELECT name, pass FROM f_test_tbl3 WHERE pass = false ORDER BY name;
                       QUERY PLAN                       
--------------------------------------------------------
 Sort
   Output: name, pass
   Sort Key: f_test_tbl3.name
   ->  Foreign Scan on public.f_test_tbl3
         Output: name, pass
         Filter: (NOT f_test_tbl3.pass)
         Foreign Namespace: mongo_fdw_regress.test_tbl3
(7 rows)

SELECT name, pass FROM f_test_tbl3 WHERE pass = false ORDER BY name;
 name | pass 
------+------
 dvd  | f
(1 row)

EXPLAIN (VERBOSE, COSTS FALSE)
SELECT name, pass FROM f_test_tbl3 WHERE pass = true ORDER BY name;
                       QUERY PLAN                       
--------------------------------------------------------
 Sort
   Output: name, pass
   Sort Key: f_test_tbl3.name
   ->  Foreign Scan on public.f_test_tbl3
         Output: name, pass
         Filter: f_test_tbl3.pass
         Foreign Namespace: mongo_fdw_regress.test_tbl3
(7 rows)

SELECT name, pass FROM f_test_tbl3 WHERE pass = true ORDER BY name;
 name | pass 
------+------
 vdd  | t
(1 row)

-- Cleanup
DELETE FROM f_mongo_test WHERE a != 0;
DELETE FROM f_test_tbl2 WHERE c1 IS NULL;
DROP FOREIGN TABLE f_mongo_test;
DROP FOREIGN TABLE f_test_tbl1;
DROP FOREIGN TABLE f_test_tbl2;
DROP FOREIGN TABLE f_test_tbl3;
DROP FOREIGN TABLE f_test_large;
DROP OPERATOR CLASS my_op_class USING btree;
DROP FUNCTION my_op_cmp(a INT, b INT);
DROP OPERATOR FAMILY my_op_family USING btree;
DROP OPERATOR public.>^(INT, INT);
DROP OPERATOR public.=^(INT, INT);
DROP OPERATOR public.<^(INT, INT);
DROP USER MAPPING FOR public SERVER mongo_server;
DROP SERVER mongo_server;
DROP EXTENSION mongo_fdw;
